Archive member included to satisfy reference by file (symbol)

c:/st/stm32cubeide_1.0.2/stm32cubeide/plugins/com.st.stm32cube.ide.mcu.externaltools.gnu-tools-for-stm32.7-2018-q2-update.win32_1.0.0.201904181610/tools/bin/../lib/gcc/arm-none-eabi/7.3.1/../../../../arm-none-eabi/lib/thumb/v6-m\libc_nano.a(lib_a-atoi.o)
                              note-c/n_helpers.o (atoi)
c:/st/stm32cubeide_1.0.2/stm32cubeide/plugins/com.st.stm32cube.ide.mcu.externaltools.gnu-tools-for-stm32.7-2018-q2-update.win32_1.0.0.201904181610/tools/bin/../lib/gcc/arm-none-eabi/7.3.1/../../../../arm-none-eabi/lib/thumb/v6-m\libc_nano.a(lib_a-errno.o)
                              Src/syscalls.o (__errno)
c:/st/stm32cubeide_1.0.2/stm32cubeide/plugins/com.st.stm32cube.ide.mcu.externaltools.gnu-tools-for-stm32.7-2018-q2-update.win32_1.0.0.201904181610/tools/bin/../lib/gcc/arm-none-eabi/7.3.1/../../../../arm-none-eabi/lib/thumb/v6-m\libc_nano.a(lib_a-exit.o)
                              c:/st/stm32cubeide_1.0.2/stm32cubeide/plugins/com.st.stm32cube.ide.mcu.externaltools.gnu-tools-for-stm32.7-2018-q2-update.win32_1.0.0.201904181610/tools/bin/../lib/gcc/arm-none-eabi/7.3.1/../../../../arm-none-eabi/lib/thumb/v6-m/crt0.o (exit)
c:/st/stm32cubeide_1.0.2/stm32cubeide/plugins/com.st.stm32cube.ide.mcu.externaltools.gnu-tools-for-stm32.7-2018-q2-update.win32_1.0.0.201904181610/tools/bin/../lib/gcc/arm-none-eabi/7.3.1/../../../../arm-none-eabi/lib/thumb/v6-m\libc_nano.a(lib_a-impure.o)
                              c:/st/stm32cubeide_1.0.2/stm32cubeide/plugins/com.st.stm32cube.ide.mcu.externaltools.gnu-tools-for-stm32.7-2018-q2-update.win32_1.0.0.201904181610/tools/bin/../lib/gcc/arm-none-eabi/7.3.1/../../../../arm-none-eabi/lib/thumb/v6-m\libc_nano.a(lib_a-exit.o) (_global_impure_ptr)
c:/st/stm32cubeide_1.0.2/stm32cubeide/plugins/com.st.stm32cube.ide.mcu.externaltools.gnu-tools-for-stm32.7-2018-q2-update.win32_1.0.0.201904181610/tools/bin/../lib/gcc/arm-none-eabi/7.3.1/../../../../arm-none-eabi/lib/thumb/v6-m\libc_nano.a(lib_a-init.o)
                              c:/st/stm32cubeide_1.0.2/stm32cubeide/plugins/com.st.stm32cube.ide.mcu.externaltools.gnu-tools-for-stm32.7-2018-q2-update.win32_1.0.0.201904181610/tools/bin/../lib/gcc/arm-none-eabi/7.3.1/../../../../arm-none-eabi/lib/thumb/v6-m/crt0.o (__libc_init_array)
c:/st/stm32cubeide_1.0.2/stm32cubeide/plugins/com.st.stm32cube.ide.mcu.externaltools.gnu-tools-for-stm32.7-2018-q2-update.win32_1.0.0.201904181610/tools/bin/../lib/gcc/arm-none-eabi/7.3.1/../../../../arm-none-eabi/lib/thumb/v6-m\libc_nano.a(lib_a-locale.o)
                              note-c/n_cjson.o (__locale_ctype_ptr)
c:/st/stm32cubeide_1.0.2/stm32cubeide/plugins/com.st.stm32cube.ide.mcu.externaltools.gnu-tools-for-stm32.7-2018-q2-update.win32_1.0.0.201904181610/tools/bin/../lib/gcc/arm-none-eabi/7.3.1/../../../../arm-none-eabi/lib/thumb/v6-m\libc_nano.a(lib_a-malloc.o)
                              Src/main.o (malloc)
c:/st/stm32cubeide_1.0.2/stm32cubeide/plugins/com.st.stm32cube.ide.mcu.externaltools.gnu-tools-for-stm32.7-2018-q2-update.win32_1.0.0.201904181610/tools/bin/../lib/gcc/arm-none-eabi/7.3.1/../../../../arm-none-eabi/lib/thumb/v6-m\libc_nano.a(lib_a-mbtowc_r.o)
                              c:/st/stm32cubeide_1.0.2/stm32cubeide/plugins/com.st.stm32cube.ide.mcu.externaltools.gnu-tools-for-stm32.7-2018-q2-update.win32_1.0.0.201904181610/tools/bin/../lib/gcc/arm-none-eabi/7.3.1/../../../../arm-none-eabi/lib/thumb/v6-m\libc_nano.a(lib_a-locale.o) (__ascii_mbtowc)
c:/st/stm32cubeide_1.0.2/stm32cubeide/plugins/com.st.stm32cube.ide.mcu.externaltools.gnu-tools-for-stm32.7-2018-q2-update.win32_1.0.0.201904181610/tools/bin/../lib/gcc/arm-none-eabi/7.3.1/../../../../arm-none-eabi/lib/thumb/v6-m\libc_nano.a(lib_a-memcmp.o)
                              note-c/n_helpers.o (memcmp)
c:/st/stm32cubeide_1.0.2/stm32cubeide/plugins/com.st.stm32cube.ide.mcu.externaltools.gnu-tools-for-stm32.7-2018-q2-update.win32_1.0.0.201904181610/tools/bin/../lib/gcc/arm-none-eabi/7.3.1/../../../../arm-none-eabi/lib/thumb/v6-m\libc_nano.a(lib_a-memcpy-stub.o)
                              Src/main.o (memcpy)
c:/st/stm32cubeide_1.0.2/stm32cubeide/plugins/com.st.stm32cube.ide.mcu.externaltools.gnu-tools-for-stm32.7-2018-q2-update.win32_1.0.0.201904181610/tools/bin/../lib/gcc/arm-none-eabi/7.3.1/../../../../arm-none-eabi/lib/thumb/v6-m\libc_nano.a(lib_a-memmove.o)
                              note-c/n_request.o (memmove)
c:/st/stm32cubeide_1.0.2/stm32cubeide/plugins/com.st.stm32cube.ide.mcu.externaltools.gnu-tools-for-stm32.7-2018-q2-update.win32_1.0.0.201904181610/tools/bin/../lib/gcc/arm-none-eabi/7.3.1/../../../../arm-none-eabi/lib/thumb/v6-m\libc_nano.a(lib_a-memset.o)
                              c:/st/stm32cubeide_1.0.2/stm32cubeide/plugins/com.st.stm32cube.ide.mcu.externaltools.gnu-tools-for-stm32.7-2018-q2-update.win32_1.0.0.201904181610/tools/bin/../lib/gcc/arm-none-eabi/7.3.1/../../../../arm-none-eabi/lib/thumb/v6-m/crt0.o (memset)
[...]
Memory Configuration

Name             Origin             Length             Attributes
RAM              0x0000000020000000 0x0000000000002000 xrw
FLASH            0x0000000008000000 0x0000000000010000 xr
*default*        0x0000000000000000 0xffffffffffffffff

Linker script and memory map

LOAD c:/st/stm32cubeide_1.0.2/stm32cubeide/plugins/com.st.stm32cube.ide.mcu.externaltools.gnu-tools-for-stm32.7-2018-q2-update.win32_1.0.0.201904181610/tools/bin/../lib/gcc/arm-none-eabi/7.3.1/thumb/v6-m/crti.o
LOAD c:/st/stm32cubeide_1.0.2/stm32cubeide/plugins/com.st.stm32cube.ide.mcu.externaltools.gnu-tools-for-stm32.7-2018-q2-update.win32_1.0.0.201904181610/tools/bin/../lib/gcc/arm-none-eabi/7.3.1/thumb/v6-m/crtbegin.o
LOAD c:/st/stm32cubeide_1.0.2/stm32cubeide/plugins/com.st.stm32cube.ide.mcu.externaltools.gnu-tools-for-stm32.7-2018-q2-update.win32_1.0.0.201904181610/tools/bin/../lib/gcc/arm-none-eabi/7.3.1/../../../../arm-none-eabi/lib/thumb/v6-m/crt0.o
LOAD Drivers/STM32L0xx_HAL_Driver/Src/stm32l0xx_hal.o
LOAD Drivers/STM32L0xx_HAL_Driver/Src/stm32l0xx_hal_cortex.o
LOAD Drivers/STM32L0xx_HAL_Driver/Src/stm32l0xx_hal_dma.o
LOAD Drivers/STM32L0xx_HAL_Driver/Src/stm32l0xx_hal_flash.o
LOAD Drivers/STM32L0xx_HAL_Driver/Src/stm32l0xx_hal_flash_ex.o
LOAD Drivers/STM32L0xx_HAL_Driver/Src/stm32l0xx_hal_flash_ramfunc.o
LOAD Drivers/STM32L0xx_HAL_Driver/Src/stm32l0xx_hal_gpio.o
LOAD Drivers/STM32L0xx_HAL_Driver/Src/stm32l0xx_hal_i2c.o
LOAD Drivers/STM32L0xx_HAL_Driver/Src/stm32l0xx_hal_i2c_ex.o
LOAD Drivers/STM32L0xx_HAL_Driver/Src/stm32l0xx_hal_lptim.o
LOAD Drivers/STM32L0xx_HAL_Driver/Src/stm32l0xx_hal_pwr.o
LOAD Drivers/STM32L0xx_HAL_Driver/Src/stm32l0xx_hal_pwr_ex.o
LOAD Drivers/STM32L0xx_HAL_Driver/Src/stm32l0xx_hal_rcc.o
LOAD Drivers/STM32L0xx_HAL_Driver/Src/stm32l0xx_hal_rcc_ex.o
LOAD Drivers/STM32L0xx_HAL_Driver/Src/stm32l0xx_hal_tim.o
LOAD Drivers/STM32L0xx_HAL_Driver/Src/stm32l0xx_hal_tim_ex.o
LOAD Drivers/STM32L0xx_HAL_Driver/Src/stm32l0xx_hal_uart.o
LOAD Drivers/STM32L0xx_HAL_Driver/Src/stm32l0xx_hal_uart_ex.o
LOAD Src/event.o
LOAD Src/example.o
LOAD Src/main.o
LOAD Src/stm32l0xx_hal_msp.o
LOAD Src/stm32l0xx_it.o
LOAD Src/syscalls.o
LOAD Src/sysmem.o
LOAD Src/system_stm32l0xx.o
LOAD Startup/startup_stm32l053r8tx.o
LOAD note-c/n_atof.o
LOAD note-c/n_b64.o
LOAD note-c/n_cjson.o
LOAD note-c/n_cjson_helpers.o
LOAD note-c/n_ftoa.o
LOAD note-c/n_helpers.o
LOAD note-c/n_hooks.o
LOAD note-c/n_i2c.o
LOAD note-c/n_request.o
LOAD note-c/n_serial.o
LOAD note-c/n_str.o
START GROUP
LOAD c:/st/stm32cubeide_1.0.2/stm32cubeide/plugins/com.st.stm32cube.ide.mcu.externaltools.gnu-tools-for-stm32.7-2018-q2-update.win32_1.0.0.201904181610/tools/bin/../lib/gcc/arm-none-eabi/7.3.1/../../../../arm-none-eabi/lib/thumb/v6-m\libc_nano.a
LOAD c:/st/stm32cubeide_1.0.2/stm32cubeide/plugins/com.st.stm32cube.ide.mcu.externaltools.gnu-tools-for-stm32.7-2018-q2-update.win32_1.0.0.201904181610/tools/bin/../lib/gcc/arm-none-eabi/7.3.1/../../../../arm-none-eabi/lib/thumb/v6-m\libm.a
END GROUP
START GROUP
LOAD c:/st/stm32cubeide_1.0.2/stm32cubeide/plugins/com.st.stm32cube.ide.mcu.externaltools.gnu-tools-for-stm32.7-2018-q2-update.win32_1.0.0.201904181610/tools/bin/../lib/gcc/arm-none-eabi/7.3.1/thumb/v6-m\libgcc.a
LOAD c:/st/stm32cubeide_1.0.2/stm32cubeide/plugins/com.st.stm32cube.ide.mcu.externaltools.gnu-tools-for-stm32.7-2018-q2-update.win32_1.0.0.201904181610/tools/bin/../lib/gcc/arm-none-eabi/7.3.1/../../../../arm-none-eabi/lib/thumb/v6-m\libc_nano.a
END GROUP
START GROUP
LOAD c:/st/stm32cubeide_1.0.2/stm32cubeide/plugins/com.st.stm32cube.ide.mcu.externaltools.gnu-tools-for-stm32.7-2018-q2-update.win32_1.0.0.201904181610/tools/bin/../lib/gcc/arm-none-eabi/7.3.1/thumb/v6-m\libgcc.a
LOAD c:/st/stm32cubeide_1.0.2/stm32cubeide/plugins/com.st.stm32cube.ide.mcu.externaltools.gnu-tools-for-stm32.7-2018-q2-update.win32_1.0.0.201904181610/tools/bin/../lib/gcc/arm-none-eabi/7.3.1/../../../../arm-none-eabi/lib/thumb/v6-m\libc_nano.a
LOAD c:/st/stm32cubeide_1.0.2/stm32cubeide/plugins/com.st.stm32cube.ide.mcu.externaltools.gnu-tools-for-stm32.7-2018-q2-update.win32_1.0.0.201904181610/tools/bin/../lib/gcc/arm-none-eabi/7.3.1/../../../../arm-none-eabi/lib/thumb/v6-m\libnosys.a
END GROUP
START GROUP
LOAD c:/st/stm32cubeide_1.0.2/stm32cubeide/plugins/com.st.stm32cube.ide.mcu.externaltools.gnu-tools-for-stm32.7-2018-q2-update.win32_1.0.0.201904181610/tools/bin/../lib/gcc/arm-none-eabi/7.3.1/thumb/v6-m\libgcc.a
LOAD c:/st/stm32cubeide_1.0.2/stm32cubeide/plugins/com.st.stm32cube.ide.mcu.externaltools.gnu-tools-for-stm32.7-2018-q2-update.win32_1.0.0.201904181610/tools/bin/../lib/gcc/arm-none-eabi/7.3.1/../../../../arm-none-eabi/lib/thumb/v6-m\libc_nano.a
LOAD c:/st/stm32cubeide_1.0.2/stm32cubeide/plugins/com.st.stm32cube.ide.mcu.externaltools.gnu-tools-for-stm32.7-2018-q2-update.win32_1.0.0.201904181610/tools/bin/../lib/gcc/arm-none-eabi/7.3.1/../../../../arm-none-eabi/lib/thumb/v6-m\libnosys.a
END GROUP
LOAD c:/st/stm32cubeide_1.0.2/stm32cubeide/plugins/com.st.stm32cube.ide.mcu.externaltools.gnu-tools-for-stm32.7-2018-q2-update.win32_1.0.0.201904181610/tools/bin/../lib/gcc/arm-none-eabi/7.3.1/thumb/v6-m/crtend.o
LOAD c:/st/stm32cubeide_1.0.2/stm32cubeide/plugins/com.st.stm32cube.ide.mcu.externaltools.gnu-tools-for-stm32.7-2018-q2-update.win32_1.0.0.201904181610/tools/bin/../lib/gcc/arm-none-eabi/7.3.1/thumb/v6-m/crtn.o
                0x0000000020002000                _estack = 0x20002000
                0x0000000000000200                _Min_Heap_Size = 0x200
                0x0000000000000400                _Min_Stack_Size = 0x400

.isr_vector     0x0000000008000000       0xc0
                0x0000000008000000                . = ALIGN (0x4)
 *(.isr_vector)
 .isr_vector    0x0000000008000000       0xc0 Startup/startup_stm32l053r8tx.o
                0x0000000008000000                g_pfnVectors
                0x00000000080000c0                . = ALIGN (0x4)

.text           0x00000000080000c0     0x98cc
                0x00000000080000c0                . = ALIGN (0x4)
 *(.text)
 .text          0x00000000080000c0       0x48 c:/st/stm32cubeide_1.0.2/stm32cubeide/plugins/com.st.stm32cube.ide.mcu.externaltools.gnu-tools-for-stm32.7-2018-q2-update.win32_1.0.0.201904181610/tools/bin/../lib/gcc/arm-none-eabi/7.3.1/thumb/v6-m/crtbegin.o
 .text          0x0000000008000108       0x14 c:/st/stm32cubeide_1.0.2/stm32cubeide/plugins/com.st.stm32cube.ide.mcu.externaltools.gnu-tools-for-stm32.7-2018-q2-update.win32_1.0.0.201904181610/tools/bin/../lib/gcc/arm-none-eabi/7.3.1/../../../../arm-none-eabi/lib/thumb/v6-m\libc_nano.a(lib_a-strcmp.o)
                0x0000000008000108                strcmp
 .text          0x000000000800011c        0xe c:/st/stm32cubeide_1.0.2/stm32cubeide/plugins/com.st.stm32cube.ide.mcu.externaltools.gnu-tools-for-stm32.7-2018-q2-update.win32_1.0.0.201904181610/tools/bin/../lib/gcc/arm-none-eabi/7.3.1/../../../../arm-none-eabi/lib/thumb/v6-m\libc_nano.a(lib_a-strlen.o)
                0x000000000800011c                strlen
 *fill*         0x000000000800012a        0x2 
 .text          0x000000000800012c      0x114 c:/st/stm32cubeide_1.0.2/stm32cubeide/plugins/com.st.stm32cube.ide.mcu.externaltools.gnu-tools-for-stm32.7-2018-q2-update.win32_1.0.0.201904181610/tools/bin/../lib/gcc/arm-none-eabi/7.3.1/thumb/v6-m\libgcc.a(_udivsi3.o)
                0x000000000800012c                __aeabi_uidiv
                0x000000000800012c                __udivsi3
                0x0000000008000238                __aeabi_uidivmod
 .text          0x0000000008000240      0x1d4 c:/st/stm32cubeide_1.0.2/stm32cubeide/plugins/com.st.stm32cube.ide.mcu.externaltools.gnu-tools-for-stm32.7-2018-q2-update.win32_1.0.0.201904181610/tools/bin/../lib/gcc/arm-none-eabi/7.3.1/thumb/v6-m\libgcc.a(_divsi3.o)
                0x0000000008000240                __divsi3
                0x0000000008000240                __aeabi_idiv
                0x000000000800040c                __aeabi_idivmod
 .text          0x0000000008000414        0x4 c:/st/stm32cubeide_1.0.2/stm32cubeide/plugins/com.st.stm32cube.ide.mcu.externaltools.gnu-tools-for-stm32.7-2018-q2-update.win32_1.0.0.201904181610/tools/bin/../lib/gcc/arm-none-eabi/7.3.1/thumb/v6-m\libgcc.a(_dvmd_tls.o)
                0x0000000008000414                __aeabi_idiv0
                0x0000000008000414                __aeabi_ldiv0
 .text          0x0000000008000418       0x7c c:/st/stm32cubeide_1.0.2/stm32cubeide/plugins/com.st.stm32cube.ide.mcu.externaltools.gnu-tools-for-stm32.7-2018-q2-update.win32_1.0.0.201904181610/tools/bin/../lib/gcc/arm-none-eabi/7.3.1/thumb/v6-m\libgcc.a(_arm_cmpdf2.o)
                0x0000000008000418                __aeabi_cdrcmple
                0x0000000008000428                __aeabi_cdcmple
                0x0000000008000428                __aeabi_cdcmpeq
                0x0000000008000438                __aeabi_dcmpeq
                0x0000000008000444                __aeabi_dcmplt
                0x0000000008000458                __aeabi_dcmple
                0x000000000800046c                __aeabi_dcmpgt
                0x0000000008000480                __aeabi_dcmpge
 .text          0x0000000008000494       0x40 c:/st/stm32cubeide_1.0.2/stm32cubeide/plugins/com.st.stm32cube.ide.mcu.externaltools.gnu-tools-for-stm32.7-2018-q2-update.win32_1.0.0.201904181610/tools/bin/../lib/gcc/arm-none-eabi/7.3.1/thumb/v6-m\libgcc.a(_aeabi_uldivmod.o)
                0x0000000008000494                __aeabi_uldivmod
 .text          0x00000000080004d4       0x3c c:/st/stm32cubeide_1.0.2/stm32cubeide/plugins/com.st.stm32cube.ide.mcu.externaltools.gnu-tools-for-stm32.7-2018-q2-update.win32_1.0.0.201904181610/tools/bin/../lib/gcc/arm-none-eabi/7.3.1/thumb/v6-m\libgcc.a(_fixunsdfsi.o)
                0x00000000080004d4                __aeabi_d2uiz
                0x00000000080004d4                __fixunsdfsi
 .text          0x0000000008000510      0x184 c:/st/stm32cubeide_1.0.2/stm32cubeide/plugins/com.st.stm32cube.ide.mcu.externaltools.gnu-tools-for-stm32.7-2018-q2-update.win32_1.0.0.201904181610/tools/bin/../lib/gcc/arm-none-eabi/7.3.1/thumb/v6-m\libgcc.a(_udivmoddi4.o)
                0x0000000008000510                __udivmoddi4
 .text          0x0000000008000694      0x638 c:/st/stm32cubeide_1.0.2/stm32cubeide/plugins/com.st.stm32cube.ide.mcu.externaltools.gnu-tools-for-stm32.7-2018-q2-update.win32_1.0.0.201904181610/tools/bin/../lib/gcc/arm-none-eabi/7.3.1/thumb/v6-m\libgcc.a(adddf3.o)
                0x0000000008000694                __aeabi_dadd
 .text          0x0000000008000ccc      0x604 c:/st/stm32cubeide_1.0.2/stm32cubeide/plugins/com.st.stm32cube.ide.mcu.externaltools.gnu-tools-for-stm32.7-2018-q2-update.win32_1.0.0.201904181610/tools/bin/../lib/gcc/arm-none-eabi/7.3.1/thumb/v6-m\libgcc.a(divdf3.o)
                0x0000000008000ccc                __aeabi_ddiv
 .text          0x00000000080012d0       0x78 c:/st/stm32cubeide_1.0.2/stm32cubeide/plugins/com.st.stm32cube.ide.mcu.externaltools.gnu-tools-for-stm32.7-2018-q2-update.win32_1.0.0.201904181610/tools/bin/../lib/gcc/arm-none-eabi/7.3.1/thumb/v6-m\libgcc.a(eqdf2.o)
                0x00000000080012d0                __nedf2
                0x00000000080012d0                __eqdf2
 .text          0x0000000008001348       0xc8 c:/st/stm32cubeide_1.0.2/stm32cubeide/plugins/com.st.stm32cube.ide.mcu.externaltools.gnu-tools-for-stm32.7-2018-q2-update.win32_1.0.0.201904181610/tools/bin/../lib/gcc/arm-none-eabi/7.3.1/thumb/v6-m\libgcc.a(gedf2.o)
                0x0000000008001348                __gedf2
                0x0000000008001348                __gtdf2
 .text          0x0000000008001410       0xd0 c:/st/stm32cubeide_1.0.2/stm32cubeide/plugins/com.st.stm32cube.ide.mcu.externaltools.gnu-tools-for-stm32.7-2018-q2-update.win32_1.0.0.201904181610/tools/bin/../lib/gcc/arm-none-eabi/7.3.1/thumb/v6-m\libgcc.a(ledf2.o)
                0x0000000008001410                __ledf2
                0x0000000008001410                __ltdf2
 .text          0x00000000080014e0      0x4e4 c:/st/stm32cubeide_1.0.2/stm32cubeide/plugins/com.st.stm32cube.ide.mcu.externaltools.gnu-tools-for-stm32.7-2018-q2-update.win32_1.0.0.201904181610/tools/bin/../lib/gcc/arm-none-eabi/7.3.1/thumb/v6-m\libgcc.a(muldf3.o)
                0x00000000080014e0                __aeabi_dmul
 .text          0x00000000080019c4      0x690 c:/st/stm32cubeide_1.0.2/stm32cubeide/plugins/com.st.stm32cube.ide.mcu.externaltools.gnu-tools-for-stm32.7-2018-q2-update.win32_1.0.0.201904181610/tools/bin/../lib/gcc/arm-none-eabi/7.3.1/thumb/v6-m\libgcc.a(subdf3.o)
                0x00000000080019c4                __aeabi_dsub
 .text          0x0000000008002054       0x6c c:/st/stm32cubeide_1.0.2/stm32cubeide/plugins/com.st.stm32cube.ide.mcu.externaltools.gnu-tools-for-stm32.7-2018-q2-update.win32_1.0.0.201904181610/tools/bin/../lib/gcc/arm-none-eabi/7.3.1/thumb/v6-m\libgcc.a(fixdfsi.o)
                0x0000000008002054                __aeabi_d2iz
 .text          0x00000000080020c0       0x74 c:/st/stm32cubeide_1.0.2/stm32cubeide/plugins/com.st.stm32cube.ide.mcu.externaltools.gnu-tools-for-stm32.7-2018-q2-update.win32_1.0.0.201904181610/tools/bin/../lib/gcc/arm-none-eabi/7.3.1/thumb/v6-m\libgcc.a(floatsidf.o)
                0x00000000080020c0                __aeabi_i2d
 .text          0x0000000008002134       0x64 c:/st/stm32cubeide_1.0.2/stm32cubeide/plugins/com.st.stm32cube.ide.mcu.externaltools.gnu-tools-for-stm32.7-2018-q2-update.win32_1.0.0.201904181610/tools/bin/../lib/gcc/arm-none-eabi/7.3.1/thumb/v6-m\libgcc.a(floatunsidf.o)
                0x0000000008002134                __aeabi_ui2d
 .text          0x0000000008002198       0x3c c:/st/stm32cubeide_1.0.2/stm32cubeide/plugins/com.st.stm32cube.ide.mcu.externaltools.gnu-tools-for-stm32.7-2018-q2-update.win32_1.0.0.201904181610/tools/bin/../lib/gcc/arm-none-eabi/7.3.1/thumb/v6-m\libgcc.a(_clzsi2.o)
                0x0000000008002198                __clzsi2
 .text          0x00000000080021d4       0x18 c:/st/stm32cubeide_1.0.2/stm32cubeide/plugins/com.st.stm32cube.ide.mcu.externaltools.gnu-tools-for-stm32.7-2018-q2-update.win32_1.0.0.201904181610/tools/bin/../lib/gcc/arm-none-eabi/7.3.1/thumb/v6-m\libgcc.a(_clzdi2.o)
                0x00000000080021d4                __clzdi2
 *(.text*)
 .text.HAL_Init
                0x00000000080021ec       0x40 Drivers/STM32L0xx_HAL_Driver/Src/stm32l0xx_hal.o
                0x00000000080021ec                HAL_Init
 .text.HAL_InitTick
                0x000000000800222c       0x54 Drivers/STM32L0xx_HAL_Driver/Src/stm32l0xx_hal.o
                0x000000000800222c                HAL_InitTick
 .text.HAL_IncTick
                0x0000000008002280       0x18 Drivers/STM32L0xx_HAL_Driver/Src/stm32l0xx_hal.o
                0x0000000008002280                HAL_IncTick
 .text.HAL_GetTick
                0x0000000008002298       0x14 Drivers/STM32L0xx_HAL_Driver/Src/stm32l0xx_hal.o
                0x0000000008002298                HAL_GetTick
 .text.HAL_Delay
                0x00000000080022ac       0x3a Drivers/STM32L0xx_HAL_Driver/Src/stm32l0xx_hal.o
                0x00000000080022ac                HAL_Delay
 *fill*         0x00000000080022e6        0x2 
 .text.NVIC_EnableIRQ
                0x00000000080022e8       0x2c Drivers/STM32L0xx_HAL_Driver/Src/stm32l0xx_hal_cortex.o
 .text.NVIC_DisableIRQ
                0x0000000008002314       0x30 Drivers/STM32L0xx_HAL_Driver/Src/stm32l0xx_hal_cortex.o
 .text.NVIC_SetPriority
                0x0000000008002344       0xdc Drivers/STM32L0xx_HAL_Driver/Src/stm32l0xx_hal_cortex.o
 .text.SysTick_Config
                0x0000000008002420       0x48 Drivers/STM32L0xx_HAL_Driver/Src/stm32l0xx_hal_cortex.o
 .text.HAL_NVIC_SetPriority
                0x0000000008002468       0x2a Drivers/STM32L0xx_HAL_Driver/Src/stm32l0xx_hal_cortex.o
                0x0000000008002468                HAL_NVIC_SetPriority
 .text.HAL_NVIC_EnableIRQ
                0x0000000008002492       0x20 Drivers/STM32L0xx_HAL_Driver/Src/stm32l0xx_hal_cortex.o
                0x0000000008002492                HAL_NVIC_EnableIRQ
 .text.HAL_NVIC_DisableIRQ
                0x00000000080024b2       0x20 Drivers/STM32L0xx_HAL_Driver/Src/stm32l0xx_hal_cortex.o
                0x00000000080024b2                HAL_NVIC_DisableIRQ
 .text.HAL_SYSTICK_Config
                0x00000000080024d2       0x1a Drivers/STM32L0xx_HAL_Driver/Src/stm32l0xx_hal_cortex.o
                0x00000000080024d2                HAL_SYSTICK_Config
 .text.HAL_DMA_Abort_IT
                0x00000000080024ec       0x90 Drivers/STM32L0xx_HAL_Driver/Src/stm32l0xx_hal_dma.o
                0x00000000080024ec                HAL_DMA_Abort_IT
 .text.HAL_GPIO_Init
                0x000000000800257c      0x2ec Drivers/STM32L0xx_HAL_Driver/Src/stm32l0xx_hal_gpio.o
                0x000000000800257c                HAL_GPIO_Init
 .text.HAL_GPIO_DeInit
                0x0000000008002868      0x1b4 Drivers/STM32L0xx_HAL_Driver/Src/stm32l0xx_hal_gpio.o
                0x0000000008002868                HAL_GPIO_DeInit
 .text.HAL_GPIO_WritePin
                0x0000000008002a1c       0x3a Drivers/STM32L0xx_HAL_Driver/Src/stm32l0xx_hal_gpio.o
                0x0000000008002a1c                HAL_GPIO_WritePin
 .text.HAL_I2C_DeInit
                0x0000000008002a56       0x60 Drivers/STM32L0xx_HAL_Driver/Src/stm32l0xx_hal_i2c.o
                0x0000000008002a56                HAL_I2C_DeInit
 .text.HAL_I2C_EV_IRQHandler
                0x0000000008002ab6       0x34 Drivers/STM32L0xx_HAL_Driver/Src/stm32l0xx_hal_i2c.o
                0x0000000008002ab6                HAL_I2C_EV_IRQHandler
 .text.HAL_I2C_ER_IRQHandler
                0x0000000008002aea       0xc4 Drivers/STM32L0xx_HAL_Driver/Src/stm32l0xx_hal_i2c.o
                0x0000000008002aea                HAL_I2C_ER_IRQHandler
 .text.HAL_I2C_SlaveTxCpltCallback
                0x0000000008002bae       0x10 Drivers/STM32L0xx_HAL_Driver/Src/stm32l0xx_hal_i2c.o
                0x0000000008002bae                HAL_I2C_SlaveTxCpltCallback
 .text.HAL_I2C_SlaveRxCpltCallback
                0x0000000008002bbe       0x10 Drivers/STM32L0xx_HAL_Driver/Src/stm32l0xx_hal_i2c.o
                0x0000000008002bbe                HAL_I2C_SlaveRxCpltCallback
 .text.HAL_I2C_AddrCallback
                0x0000000008002bce       0x20 Drivers/STM32L0xx_HAL_Driver/Src/stm32l0xx_hal_i2c.o
                0x0000000008002bce                HAL_I2C_AddrCallback
 .text.HAL_I2C_ListenCpltCallback
                0x0000000008002bee       0x10 Drivers/STM32L0xx_HAL_Driver/Src/stm32l0xx_hal_i2c.o
                0x0000000008002bee                HAL_I2C_ListenCpltCallback
 .text.HAL_I2C_ErrorCallback
                0x0000000008002bfe       0x10 Drivers/STM32L0xx_HAL_Driver/Src/stm32l0xx_hal_i2c.o
                0x0000000008002bfe                HAL_I2C_ErrorCallback
 .text.HAL_I2C_AbortCpltCallback
                0x0000000008002c0e       0x10 Drivers/STM32L0xx_HAL_Driver/Src/stm32l0xx_hal_i2c.o
                0x0000000008002c0e                HAL_I2C_AbortCpltCallback
 *fill*         0x0000000008002c1e        0x2 
 .text.I2C_Slave_ISR_IT
                0x0000000008002c20      0x22c Drivers/STM32L0xx_HAL_Driver/Src/stm32l0xx_hal_i2c.o
 .text.I2C_ITAddrCplt
                0x0000000008002e4c      0x14a Drivers/STM32L0xx_HAL_Driver/Src/stm32l0xx_hal_i2c.o
 .text.I2C_ITSlaveSeqCplt
                0x0000000008002f96       0x82 Drivers/STM32L0xx_HAL_Driver/Src/stm32l0xx_hal_i2c.o
 .text.I2C_ITSlaveCplt
                0x0000000008003018      0x1bc Drivers/STM32L0xx_HAL_Driver/Src/stm32l0xx_hal_i2c.o
 .text.I2C_ITListenCplt
                0x00000000080031d4       0xb4 Drivers/STM32L0xx_HAL_Driver/Src/stm32l0xx_hal_i2c.o
 .text.I2C_ITError
                0x0000000008003288      0x1a4 Drivers/STM32L0xx_HAL_Driver/Src/stm32l0xx_hal_i2c.o
 .text.I2C_Flush_TXDR
                0x000000000800342c       0x44 Drivers/STM32L0xx_HAL_Driver/Src/stm32l0xx_hal_i2c.o
 .text.I2C_DMAAbort
                0x0000000008003470       0x4c Drivers/STM32L0xx_HAL_Driver/Src/stm32l0xx_hal_i2c.o
 .text.I2C_Disable_IRQ
                0x00000000080034bc       0xd2 Drivers/STM32L0xx_HAL_Driver/Src/stm32l0xx_hal_i2c.o
 *fill*         0x000000000800358e        0x2 
 .text.HAL_I2CEx_ConfigAnalogFilter
                0x0000000008003590       0x98 Drivers/STM32L0xx_HAL_Driver/Src/stm32l0xx_hal_i2c_ex.o
                0x0000000008003590                HAL_I2CEx_ConfigAnalogFilter
 .text.HAL_LPTIM_Init
                0x0000000008003628      0x100 Drivers/STM32L0xx_HAL_Driver/Src/stm32l0xx_hal_lptim.o
                0x0000000008003628                HAL_LPTIM_Init
 .text.HAL_LPTIM_TimeOut_Start_IT
                0x0000000008003728       0x8c Drivers/STM32L0xx_HAL_Driver/Src/stm32l0xx_hal_lptim.o
                0x0000000008003728                HAL_LPTIM_TimeOut_Start_IT
 .text.HAL_LPTIM_IRQHandler
                0x00000000080037b4      0x144 Drivers/STM32L0xx_HAL_Driver/Src/stm32l0xx_hal_lptim.o
                0x00000000080037b4                HAL_LPTIM_IRQHandler
 .text.HAL_LPTIM_AutoReloadMatchCallback
                0x00000000080038f8       0x10 Drivers/STM32L0xx_HAL_Driver/Src/stm32l0xx_hal_lptim.o
                0x00000000080038f8                HAL_LPTIM_AutoReloadMatchCallback
 .text.HAL_LPTIM_TriggerCallback
                0x0000000008003908       0x10 Drivers/STM32L0xx_HAL_Driver/Src/stm32l0xx_hal_lptim.o
                0x0000000008003908                HAL_LPTIM_TriggerCallback
 .text.HAL_LPTIM_CompareWriteCallback
                0x0000000008003918       0x10 Drivers/STM32L0xx_HAL_Driver/Src/stm32l0xx_hal_lptim.o
                0x0000000008003918                HAL_LPTIM_CompareWriteCallback
 .text.HAL_LPTIM_AutoReloadWriteCallback
                0x0000000008003928       0x10 Drivers/STM32L0xx_HAL_Driver/Src/stm32l0xx_hal_lptim.o
                0x0000000008003928                HAL_LPTIM_AutoReloadWriteCallback
 .text.HAL_LPTIM_DirectionUpCallback
                0x0000000008003938       0x10 Drivers/STM32L0xx_HAL_Driver/Src/stm32l0xx_hal_lptim.o
                0x0000000008003938                HAL_LPTIM_DirectionUpCallback
 .text.HAL_LPTIM_DirectionDownCallback
                0x0000000008003948       0x10 Drivers/STM32L0xx_HAL_Driver/Src/stm32l0xx_hal_lptim.o
                0x0000000008003948                HAL_LPTIM_DirectionDownCallback
 .text.HAL_PWR_EnterSTOPMode
                0x0000000008003958       0x68 Drivers/STM32L0xx_HAL_Driver/Src/stm32l0xx_hal_pwr.o
                0x0000000008003958                HAL_PWR_EnterSTOPMode
 .text.HAL_RCC_OscConfig
                0x00000000080039c0      0x780 Drivers/STM32L0xx_HAL_Driver/Src/stm32l0xx_hal_rcc.o
                0x00000000080039c0                HAL_RCC_OscConfig
 .text.HAL_RCC_ClockConfig
                0x0000000008004140      0x254 Drivers/STM32L0xx_HAL_Driver/Src/stm32l0xx_hal_rcc.o
                0x0000000008004140                HAL_RCC_ClockConfig
 .text.HAL_RCC_GetSysClockFreq
                0x0000000008004394      0x108 Drivers/STM32L0xx_HAL_Driver/Src/stm32l0xx_hal_rcc.o
                0x0000000008004394                HAL_RCC_GetSysClockFreq
 .text.HAL_RCC_GetHCLKFreq
                0x000000000800449c       0x14 Drivers/STM32L0xx_HAL_Driver/Src/stm32l0xx_hal_rcc.o
                0x000000000800449c                HAL_RCC_GetHCLKFreq
 .text.HAL_RCC_GetPCLK1Freq
                0x00000000080044b0       0x2c Drivers/STM32L0xx_HAL_Driver/Src/stm32l0xx_hal_rcc.o
                0x00000000080044b0                HAL_RCC_GetPCLK1Freq
 .text.HAL_RCC_GetPCLK2Freq
                0x00000000080044dc       0x2c Drivers/STM32L0xx_HAL_Driver/Src/stm32l0xx_hal_rcc.o
                0x00000000080044dc                HAL_RCC_GetPCLK2Freq
 .text.HAL_RCCEx_PeriphCLKConfig
                0x0000000008004508      0x2c8 Drivers/STM32L0xx_HAL_Driver/Src/stm32l0xx_hal_rcc_ex.o
                0x0000000008004508                HAL_RCCEx_PeriphCLKConfig
 .text.HAL_UART_Init
                0x00000000080047d0       0xa8 Drivers/STM32L0xx_HAL_Driver/Src/stm32l0xx_hal_uart.o
                0x00000000080047d0                HAL_UART_Init
 .text.HAL_UART_DeInit
                0x0000000008004878       0x6c Drivers/STM32L0xx_HAL_Driver/Src/stm32l0xx_hal_uart.o
                0x0000000008004878                HAL_UART_DeInit
 .text.HAL_UART_Transmit
                0x00000000080048e4      0x14e Drivers/STM32L0xx_HAL_Driver/Src/stm32l0xx_hal_uart.o
                0x00000000080048e4                HAL_UART_Transmit
 *fill*         0x0000000008004a32        0x2 
 .text.HAL_UART_Receive_IT
                0x0000000008004a34      0x170 Drivers/STM32L0xx_HAL_Driver/Src/stm32l0xx_hal_uart.o
                0x0000000008004a34                HAL_UART_Receive_IT
 .text.HAL_UART_IRQHandler
                0x0000000008004ba4      0x24c Drivers/STM32L0xx_HAL_Driver/Src/stm32l0xx_hal_uart.o
                0x0000000008004ba4                HAL_UART_IRQHandler
 .text.HAL_UART_TxCpltCallback
                0x0000000008004df0       0x10 Drivers/STM32L0xx_HAL_Driver/Src/stm32l0xx_hal_uart.o
                0x0000000008004df0                HAL_UART_TxCpltCallback
 .text.HAL_UART_RxCpltCallback
                0x0000000008004e00       0x10 Drivers/STM32L0xx_HAL_Driver/Src/stm32l0xx_hal_uart.o
                0x0000000008004e00                HAL_UART_RxCpltCallback
 .text.HAL_UART_ErrorCallback
                0x0000000008004e10       0x10 Drivers/STM32L0xx_HAL_Driver/Src/stm32l0xx_hal_uart.o
                0x0000000008004e10                HAL_UART_ErrorCallback
 .text.UART_SetConfig
                0x0000000008004e20      0x630 Drivers/STM32L0xx_HAL_Driver/Src/stm32l0xx_hal_uart.o
                0x0000000008004e20                UART_SetConfig
 .text.UART_AdvFeatureConfig
                0x0000000008005450      0x168 Drivers/STM32L0xx_HAL_Driver/Src/stm32l0xx_hal_uart.o
                0x0000000008005450                UART_AdvFeatureConfig
 .text.UART_CheckIdleState
                0x00000000080055b8       0x8c Drivers/STM32L0xx_HAL_Driver/Src/stm32l0xx_hal_uart.o
                0x00000000080055b8                UART_CheckIdleState
 .text.UART_WaitOnFlagUntilTimeout
                0x0000000008005644       0x94 Drivers/STM32L0xx_HAL_Driver/Src/stm32l0xx_hal_uart.o
                0x0000000008005644                UART_WaitOnFlagUntilTimeout
 .text.UART_EndRxTransfer
                0x00000000080056d8       0x40 Drivers/STM32L0xx_HAL_Driver/Src/stm32l0xx_hal_uart.o
 .text.UART_DMAAbortOnError
                0x0000000008005718       0x2e Drivers/STM32L0xx_HAL_Driver/Src/stm32l0xx_hal_uart.o
 .text.UART_EndTransmit_IT
                0x0000000008005746       0x34 Drivers/STM32L0xx_HAL_Driver/Src/stm32l0xx_hal_uart.o
 *fill*         0x000000000800577a        0x2 
 .text.UART_RxISR_8BIT
                0x000000000800577c       0xbc Drivers/STM32L0xx_HAL_Driver/Src/stm32l0xx_hal_uart.o
 .text.UART_RxISR_16BIT
                0x0000000008005838       0xbc Drivers/STM32L0xx_HAL_Driver/Src/stm32l0xx_hal_uart.o
 .text.HAL_UARTEx_WakeupCallback
                0x00000000080058f4       0x10 Drivers/STM32L0xx_HAL_Driver/Src/stm32l0xx_hal_uart_ex.o
                0x00000000080058f4                HAL_UARTEx_WakeupCallback
 .text.LL_PWR_SetPowerMode
                0x0000000008005904       0x28 Src/event.o
 .text.LL_LPM_EnableSleep
                0x000000000800592c       0x1c Src/event.o
 .text.LL_LPM_EnableDeepSleep
                0x0000000008005948       0x1c Src/event.o
 .text.LL_LPM_DisableSleepOnExit
                0x0000000008005964       0x1c Src/event.o
 .text.LL_LPM_EnableEventOnPend
                0x0000000008005980       0x1c Src/event.o
 .text.LL_RCC_SetClkAfterWakeFromStop
                0x000000000800599c       0x2c Src/event.o
 .text.eventWait
                0x00000000080059c8       0x5c Src/event.o
                0x00000000080059c8                eventWait
 .text.eventPollTimer
                0x0000000008005a24       0x30 Src/event.o
                0x0000000008005a24                eventPollTimer
 .text.event    0x0000000008005a54       0x20 Src/event.o
                0x0000000008005a54                event
 .text.eventOccurred
                0x0000000008005a74       0x14 Src/event.o
                0x0000000008005a74                eventOccurred
 .text.eventClear
                0x0000000008005a88       0x24 Src/event.o
                0x0000000008005a88                eventClear
 .text.eventSleep
                0x0000000008005aac       0xa4 Src/event.o
                0x0000000008005aac                eventSleep
 .text.setup    0x0000000008005b50       0x50 Src/example.o
                0x0000000008005b50                setup
 .text.loop     0x0000000008005ba0      0x17c Src/example.o
                0x0000000008005ba0                loop
 .text.main     0x0000000008005d1c       0x58 Src/main.o
                0x0000000008005d1c                main
 .text.SystemClock_Config
                0x0000000008005d74       0xf8 Src/main.o
                0x0000000008005d74                SystemClock_Config
 .text.MX_I2C1_DeInit
                0x0000000008005e6c       0x40 Src/main.o
                0x0000000008005e6c                MX_I2C1_DeInit
 .text.MX_USART1_UART_Init
                0x0000000008005eac       0xa0 Src/main.o
                0x0000000008005eac                MX_USART1_UART_Init
 .text.MY_UART_IRQHandler
                0x0000000008005f4c       0xa0 Src/main.o
                0x0000000008005f4c                MY_UART_IRQHandler
 .text.MX_USART1_UART_DeInit
                0x0000000008005fec       0x30 Src/main.o
                0x0000000008005fec                MX_USART1_UART_DeInit
 .text.MX_LPTIM1_Init
                0x000000000800601c       0x68 Src/main.o
                0x000000000800601c                MX_LPTIM1_Init
 .text.HAL_LPTIM_CompareMatchCallback
                0x0000000008006084       0x28 Src/main.o
                0x0000000008006084                HAL_LPTIM_CompareMatchCallback
 .text.MY_TimerMs
                0x00000000080060ac       0x14 Src/main.o
                0x00000000080060ac                MY_TimerMs
 .text.MX_GPIO_Init
                0x00000000080060c0      0x124 Src/main.o
                0x00000000080060c0                MX_GPIO_Init
 .text.HAL_GPIO_EXTI_Callback
                0x00000000080061e4       0x26 Src/main.o
                0x00000000080061e4                HAL_GPIO_EXTI_Callback
 .text.Error_Handler
                0x000000000800620a        0xa Src/main.o
                0x000000000800620a                Error_Handler
 .text.delay    0x0000000008006214       0x18 Src/main.o
                0x0000000008006214                delay
 .text.millis   0x000000000800622c       0x10 Src/main.o
                0x000000000800622c                millis
 .text.MY_Debug
                0x000000000800623c        0xc Src/main.o
                0x000000000800623c                MY_Debug
 .text.MY_Sleep_DeInit
                0x0000000008006248       0x16 Src/main.o
                0x0000000008006248                MY_Sleep_DeInit
 .text.noteSerialReset
                0x000000000800625e       0x12 Src/main.o
                0x000000000800625e                noteSerialReset
 .text.noteSerialTransmit
                0x0000000008006270       0x2c Src/main.o
                0x0000000008006270                noteSerialTransmit
 .text.noteSerialAvailable
                0x000000000800629c       0x24 Src/main.o
                0x000000000800629c                noteSerialAvailable
 .text.noteSerialReceive
                0x00000000080062c0       0x60 Src/main.o
                0x00000000080062c0                noteSerialReceive
 .text.HAL_MspInit
                0x0000000008006320       0x28 Src/stm32l0xx_hal_msp.o
                0x0000000008006320                HAL_MspInit
 .text.HAL_I2C_MspDeInit
                0x0000000008006348       0x4c Src/stm32l0xx_hal_msp.o
                0x0000000008006348                HAL_I2C_MspDeInit
 .text.HAL_UART_MspInit
                0x0000000008006394       0x98 Src/stm32l0xx_hal_msp.o
                0x0000000008006394                HAL_UART_MspInit
 .text.HAL_UART_MspDeInit
                0x000000000800642c       0x48 Src/stm32l0xx_hal_msp.o
                0x000000000800642c                HAL_UART_MspDeInit
 .text.HAL_LPTIM_MspInit
                0x0000000008006474       0x40 Src/stm32l0xx_hal_msp.o
                0x0000000008006474                HAL_LPTIM_MspInit
 .text.NMI_Handler
                0x00000000080064b4        0xa Src/stm32l0xx_it.o
                0x00000000080064b4                NMI_Handler
 .text.HardFault_Handler
                0x00000000080064be        0x6 Src/stm32l0xx_it.o
                0x00000000080064be                HardFault_Handler
 .text.SVC_Handler
                0x00000000080064c4        0xa Src/stm32l0xx_it.o
                0x00000000080064c4                SVC_Handler
 .text.PendSV_Handler
                0x00000000080064ce        0xa Src/stm32l0xx_it.o
                0x00000000080064ce                PendSV_Handler
 .text.SysTick_Handler
                0x00000000080064d8        0xe Src/stm32l0xx_it.o
                0x00000000080064d8                SysTick_Handler
 *fill*         0x00000000080064e6        0x2 
 .text.I2C1_IRQHandler
                0x00000000080064e8       0x30 Src/stm32l0xx_it.o
                0x00000000080064e8                I2C1_IRQHandler
 .text.USART1_IRQHandler
                0x0000000008006518       0x20 Src/stm32l0xx_it.o
                0x0000000008006518                USART1_IRQHandler
 .text.MY_GPIO_EXTI_IRQHandler
                0x0000000008006538       0x48 Src/stm32l0xx_it.o
                0x0000000008006538                MY_GPIO_EXTI_IRQHandler
 .text.EXTI0_1_IRQHandler
                0x0000000008006580       0x10 Src/stm32l0xx_it.o
                0x0000000008006580                EXTI0_1_IRQHandler
 .text.EXTI2_3_IRQHandler
                0x0000000008006590       0x10 Src/stm32l0xx_it.o
                0x0000000008006590                EXTI2_3_IRQHandler
 .text.EXTI4_15_IRQHandler
                0x00000000080065a0       0x18 Src/stm32l0xx_it.o
                0x00000000080065a0                EXTI4_15_IRQHandler
 .text.LPTIM1_IRQHandler
                0x00000000080065b8       0x18 Src/stm32l0xx_it.o
                0x00000000080065b8                LPTIM1_IRQHandler
 .text._sbrk    0x00000000080065d0       0x58 Src/sysmem.o
                0x00000000080065d0                _sbrk
 .text.SystemInit
                0x0000000008006628       0x7c Src/system_stm32l0xx.o
                0x0000000008006628                SystemInit
 .text.SystemCoreClockUpdate
                0x00000000080066a4      0x164 Src/system_stm32l0xx.o
                0x00000000080066a4                SystemCoreClockUpdate
 .text.Reset_Handler
                0x0000000008006808       0x50 Startup/startup_stm32l053r8tx.o
                0x0000000008006808                Reset_Handler
 .text.Default_Handler
                0x0000000008006858        0x2 Startup/startup_stm32l053r8tx.o
                0x0000000008006858                TSC_IRQHandler
                0x0000000008006858                ADC1_COMP_IRQHandler
                0x0000000008006858                PVD_IRQHandler
                0x0000000008006858                RCC_CRS_IRQHandler
                0x0000000008006858                SPI1_IRQHandler
                0x0000000008006858                TIM6_DAC_IRQHandler
                0x0000000008006858                I2C2_IRQHandler
                0x0000000008006858                RTC_IRQHandler
                0x0000000008006858                LCD_IRQHandler
                0x0000000008006858                DMA1_Channel4_5_6_7_IRQHandler
                0x0000000008006858                DMA1_Channel1_IRQHandler
                0x0000000008006858                Default_Handler
                0x0000000008006858                TIM22_IRQHandler
                0x0000000008006858                USB_IRQHandler
                0x0000000008006858                SPI2_IRQHandler
                0x0000000008006858                TIM21_IRQHandler
                0x0000000008006858                WWDG_IRQHandler
                0x0000000008006858                TIM2_IRQHandler
                0x0000000008006858                DMA1_Channel2_3_IRQHandler
                0x0000000008006858                USART2_IRQHandler
                0x0000000008006858                FLASH_IRQHandler
                0x0000000008006858                RNG_LPUART1_IRQHandler
 *fill*         0x000000000800685a        0x2 
 .text.JAtoN    0x000000000800685c      0x2a0 note-c/n_atof.o
                0x000000000800685c                JAtoN
 .text.case_insensitive_strcmp
                0x0000000008006afc      0x120 note-c/n_cjson.o
 .text.Jstrdup  0x0000000008006c1c       0x54 note-c/n_cjson.o
 .text.JFree    0x0000000008006c70       0x18 note-c/n_cjson.o
                0x0000000008006c70                JFree
 .text.JNew_Item
                0x0000000008006c88       0x2c note-c/n_cjson.o
 .text.JDelete  0x0000000008006cb4       0x88 note-c/n_cjson.o
                0x0000000008006cb4                JDelete
 .text.get_decimal_point
                0x0000000008006d3c        0xc note-c/n_cjson.o
 .text.parse_number
                0x0000000008006d48      0x16c note-c/n_cjson.o
 .text.ensure   0x0000000008006eb4      0x104 note-c/n_cjson.o
 .text.update_offset
                0x0000000008006fb8       0x44 note-c/n_cjson.o
 .text.print_number
                0x0000000008006ffc      0x130 note-c/n_cjson.o
 .text.parse_hex4
                0x000000000800712c       0xc0 note-c/n_cjson.o
 .text.utf16_literal_to_utf8
                0x00000000080071ec      0x218 note-c/n_cjson.o
 .text.parse_string
                0x0000000008007404      0x220 note-c/n_cjson.o
 .text.htoa16   0x0000000008007624       0x76 note-c/n_cjson.o
                0x0000000008007624                htoa16
 *fill*         0x000000000800769a        0x2 
 .text.print_string_ptr
                0x000000000800769c      0x1fc note-c/n_cjson.o
 .text.print_string
                0x0000000008007898       0x22 note-c/n_cjson.o
 .text.buffer_skip_whitespace
                0x00000000080078ba       0x66 note-c/n_cjson.o
 .text.skip_utf8_bom
                0x0000000008007920       0x68 note-c/n_cjson.o
 .text.JParseWithOpts
                0x0000000008007988      0x160 note-c/n_cjson.o
                0x0000000008007988                JParseWithOpts
 .text.JParse   0x0000000008007ae8       0x1e note-c/n_cjson.o
                0x0000000008007ae8                JParse
 *fill*         0x0000000008007b06        0x2 
 .text.print    0x0000000008007b08       0xec note-c/n_cjson.o
 .text.JPrintUnformatted
                0x0000000008007bf4       0x1c note-c/n_cjson.o
                0x0000000008007bf4                JPrintUnformatted
 .text.parse_value
                0x0000000008007c10      0x1e0 note-c/n_cjson.o
 .text.print_value
                0x0000000008007df0      0x17c note-c/n_cjson.o
 .text.parse_array
                0x0000000008007f6c      0x188 note-c/n_cjson.o
 .text.print_array
                0x00000000080080f4      0x11c note-c/n_cjson.o
 .text.parse_object
                0x0000000008008210      0x1fc note-c/n_cjson.o
 .text.print_object
                0x000000000800840c      0x252 note-c/n_cjson.o
 .text.get_object_item
                0x000000000800865e       0x76 note-c/n_cjson.o
 .text.JGetObjectItem
                0x00000000080086d4       0x20 note-c/n_cjson.o
                0x00000000080086d4                JGetObjectItem
 .text.suffix_object
                0x00000000080086f4       0x1e note-c/n_cjson.o
 .text.add_item_to_array
                0x0000000008008712       0x56 note-c/n_cjson.o
 .text.cast_away_const
                0x0000000008008768       0x12 note-c/n_cjson.o
 *fill*         0x000000000800877a        0x2 
 .text.add_item_to_object
                0x000000000800877c       0xb0 note-c/n_cjson.o
 .text.JAddItemToObject
                0x000000000800882c       0x20 note-c/n_cjson.o
                0x000000000800882c                JAddItemToObject
 .text.JAddBoolToObject
                0x000000000800884c       0x3e note-c/n_cjson.o
                0x000000000800884c                JAddBoolToObject
 .text.JAddNumberToObject
                0x000000000800888a       0x44 note-c/n_cjson.o
                0x000000000800888a                JAddNumberToObject
 .text.JAddStringToObject
                0x00000000080088ce       0x3e note-c/n_cjson.o
                0x00000000080088ce                JAddStringToObject
 .text.JCreateBool
                0x000000000800890c       0x30 note-c/n_cjson.o
                0x000000000800890c                JCreateBool
 .text.JCreateNumber
                0x000000000800893c       0x84 note-c/n_cjson.o
                0x000000000800893c                JCreateNumber
 .text.JCreateString
                0x00000000080089c0       0x48 note-c/n_cjson.o
                0x00000000080089c0                JCreateString
 .text.JCreateObject
                0x0000000008008a08       0x24 note-c/n_cjson.o
                0x0000000008008a08                JCreateObject
 .text.JIsNumber
                0x0000000008008a2c       0x2a note-c/n_cjson.o
                0x0000000008008a2c                JIsNumber
 .text.JIsString
                0x0000000008008a56       0x2a note-c/n_cjson.o
                0x0000000008008a56                JIsString
 .text.JGetNumber
                0x0000000008008a80       0x54 note-c/n_cjson_helpers.o
                0x0000000008008a80                JGetNumber
 .text.JIsNullString
                0x0000000008008ad4       0x62 note-c/n_cjson_helpers.o
                0x0000000008008ad4                JIsNullString
 *fill*         0x0000000008008b36        0x2 
 .text.JNtoA    0x0000000008008b38      0x308 note-c/n_ftoa.o
                0x0000000008008b38                JNtoA
 .text.NoteSetFn
                0x0000000008008e40       0x40 note-c/n_hooks.o
                0x0000000008008e40                NoteSetFn
 .text.NoteSetFnSerial
                0x0000000008008e80       0x64 note-c/n_hooks.o
                0x0000000008008e80                NoteSetFnSerial
 .text.NoteFnDebugMsg
                0x0000000008008ee4       0x28 note-c/n_hooks.o
                0x0000000008008ee4                NoteFnDebugMsg
 .text.NoteFnGetMs
                0x0000000008008f0c       0x24 note-c/n_hooks.o
                0x0000000008008f0c                NoteFnGetMs
 .text.NoteFnDelayMs
                0x0000000008008f30       0x28 note-c/n_hooks.o
                0x0000000008008f30                NoteFnDelayMs
 .text.NoteFnMalloc
                0x0000000008008f58       0x2c note-c/n_hooks.o
                0x0000000008008f58                NoteFnMalloc
 .text.NoteFnFree
                0x0000000008008f84       0x28 note-c/n_hooks.o
                0x0000000008008f84                NoteFnFree
 .text.NoteFnLockNote
                0x0000000008008fac       0x1c note-c/n_hooks.o
                0x0000000008008fac                NoteFnLockNote
 .text.NoteFnUnlockNote
                0x0000000008008fc8       0x1c note-c/n_hooks.o
                0x0000000008008fc8                NoteFnUnlockNote
 .text.NoteFnSerialReset
                0x0000000008008fe4       0x28 note-c/n_hooks.o
                0x0000000008008fe4                NoteFnSerialReset
 .text.NoteFnSerialTransmit
                0x000000000800900c       0x3c note-c/n_hooks.o
                0x000000000800900c                NoteFnSerialTransmit
 .text.NoteFnSerialAvailable
                0x0000000008009048       0x30 note-c/n_hooks.o
                0x0000000008009048                NoteFnSerialAvailable
 .text.NoteFnSerialReceive
                0x0000000008009078       0x30 note-c/n_hooks.o
                0x0000000008009078                NoteFnSerialReceive
 .text.NoteFnNoteReset
                0x00000000080090a8       0x24 note-c/n_hooks.o
                0x00000000080090a8                NoteFnNoteReset
 .text.NoteFnTransaction
                0x00000000080090cc       0x34 note-c/n_hooks.o
                0x00000000080090cc                NoteFnTransaction
 .text.errDoc   0x0000000008009100       0x50 note-c/n_request.o
 .text.NoteNewRequest
                0x0000000008009150       0x30 note-c/n_request.o
                0x0000000008009150                NoteNewRequest
 .text.NoteRequest
                0x0000000008009180       0x64 note-c/n_request.o
                0x0000000008009180                NoteRequest
 .text.NoteRequestResponse
                0x00000000080091e4       0x42 note-c/n_request.o
                0x00000000080091e4                NoteRequestResponse
 *fill*         0x0000000008009226        0x2 
 .text.NoteTransaction
                0x0000000008009228      0x110 note-c/n_request.o
                0x0000000008009228                NoteTransaction
 .text.NoteResetRequired
                0x0000000008009338       0x14 note-c/n_request.o
                0x0000000008009338                NoteResetRequired
 .text.NoteReset
                0x000000000800934c       0x4c note-c/n_request.o
                0x000000000800934c                NoteReset
 .text.serialNoteTransaction
                0x0000000008009398      0x238 note-c/n_serial.o
                0x0000000008009398                serialNoteTransaction
 .text.serialNoteReset
                0x00000000080095d0       0xf4 note-c/n_serial.o
                0x00000000080095d0                serialNoteReset
 .text.__errno  0x00000000080096c4        0xc c:/st/stm32cubeide_1.0.2/stm32cubeide/plugins/com.st.stm32cube.ide.mcu.externaltools.gnu-tools-for-stm32.7-2018-q2-update.win32_1.0.0.201904181610/tools/bin/../lib/gcc/arm-none-eabi/7.3.1/../../../../arm-none-eabi/lib/thumb/v6-m\libc_nano.a(lib_a-errno.o)
                0x00000000080096c4                __errno
 .text.__libc_init_array
                0x00000000080096d0       0x48 c:/st/stm32cubeide_1.0.2/stm32cubeide/plugins/com.st.stm32cube.ide.mcu.externaltools.gnu-tools-for-stm32.7-2018-q2-update.win32_1.0.0.201904181610/tools/bin/../lib/gcc/arm-none-eabi/7.3.1/../../../../arm-none-eabi/lib/thumb/v6-m\libc_nano.a(lib_a-init.o)
                0x00000000080096d0                __libc_init_array
 .text.__locale_ctype_ptr
                0x0000000008009718       0x1c c:/st/stm32cubeide_1.0.2/stm32cubeide/plugins/com.st.stm32cube.ide.mcu.externaltools.gnu-tools-for-stm32.7-2018-q2-update.win32_1.0.0.201904181610/tools/bin/../lib/gcc/arm-none-eabi/7.3.1/../../../../arm-none-eabi/lib/thumb/v6-m\libc_nano.a(lib_a-locale.o)
                0x0000000008009718                __locale_ctype_ptr
 .text.malloc   0x0000000008009734       0x14 c:/st/stm32cubeide_1.0.2/stm32cubeide/plugins/com.st.stm32cube.ide.mcu.externaltools.gnu-tools-for-stm32.7-2018-q2-update.win32_1.0.0.201904181610/tools/bin/../lib/gcc/arm-none-eabi/7.3.1/../../../../arm-none-eabi/lib/thumb/v6-m\libc_nano.a(lib_a-malloc.o)
                0x0000000008009734                malloc
 .text.free     0x0000000008009748       0x14 c:/st/stm32cubeide_1.0.2/stm32cubeide/plugins/com.st.stm32cube.ide.mcu.externaltools.gnu-tools-for-stm32.7-2018-q2-update.win32_1.0.0.201904181610/tools/bin/../lib/gcc/arm-none-eabi/7.3.1/../../../../arm-none-eabi/lib/thumb/v6-m\libc_nano.a(lib_a-malloc.o)
                0x0000000008009748                free
 .text.__ascii_mbtowc
                0x000000000800975c       0x24 c:/st/stm32cubeide_1.0.2/stm32cubeide/plugins/com.st.stm32cube.ide.mcu.externaltools.gnu-tools-for-stm32.7-2018-q2-update.win32_1.0.0.201904181610/tools/bin/../lib/gcc/arm-none-eabi/7.3.1/../../../../arm-none-eabi/lib/thumb/v6-m\libc_nano.a(lib_a-mbtowc_r.o)
                0x000000000800975c                __ascii_mbtowc
 .text.memcpy   0x0000000008009780       0x12 c:/st/stm32cubeide_1.0.2/stm32cubeide/plugins/com.st.stm32cube.ide.mcu.externaltools.gnu-tools-for-stm32.7-2018-q2-update.win32_1.0.0.201904181610/tools/bin/../lib/gcc/arm-none-eabi/7.3.1/../../../../arm-none-eabi/lib/thumb/v6-m\libc_nano.a(lib_a-memcpy-stub.o)
                0x0000000008009780                memcpy
 .text.memset   0x0000000008009792       0x10 c:/st/stm32cubeide_1.0.2/stm32cubeide/plugins/com.st.stm32cube.ide.mcu.externaltools.gnu-tools-for-stm32.7-2018-q2-update.win32_1.0.0.201904181610/tools/bin/../lib/gcc/arm-none-eabi/7.3.1/../../../../arm-none-eabi/lib/thumb/v6-m\libc_nano.a(lib_a-memset.o)
                0x0000000008009792                memset
 *fill*         0x00000000080097a2        0x2 
 .text._free_r  0x00000000080097a4       0x94 c:/st/stm32cubeide_1.0.2/stm32cubeide/plugins/com.st.stm32cube.ide.mcu.externaltools.gnu-tools-for-stm32.7-2018-q2-update.win32_1.0.0.201904181610/tools/bin/../lib/gcc/arm-none-eabi/7.3.1/../../../../arm-none-eabi/lib/thumb/v6-m\libc_nano.a(lib_a-nano-freer.o)
                0x00000000080097a4                _free_r
 .text._malloc_r
                0x0000000008009838       0xbc c:/st/stm32cubeide_1.0.2/stm32cubeide/plugins/com.st.stm32cube.ide.mcu.externaltools.gnu-tools-for-stm32.7-2018-q2-update.win32_1.0.0.201904181610/tools/bin/../lib/gcc/arm-none-eabi/7.3.1/../../../../arm-none-eabi/lib/thumb/v6-m\libc_nano.a(lib_a-nano-mallocr.o)
                0x0000000008009838                _malloc_r
 .text._sbrk_r  0x00000000080098f4       0x24 c:/st/stm32cubeide_1.0.2/stm32cubeide/plugins/com.st.stm32cube.ide.mcu.externaltools.gnu-tools-for-stm32.7-2018-q2-update.win32_1.0.0.201904181610/tools/bin/../lib/gcc/arm-none-eabi/7.3.1/../../../../arm-none-eabi/lib/thumb/v6-m\libc_nano.a(lib_a-sbrkr.o)
                0x00000000080098f4                _sbrk_r
 .text.strchr   0x0000000008009918       0x1c c:/st/stm32cubeide_1.0.2/stm32cubeide/plugins/com.st.stm32cube.ide.mcu.externaltools.gnu-tools-for-stm32.7-2018-q2-update.win32_1.0.0.201904181610/tools/bin/../lib/gcc/arm-none-eabi/7.3.1/../../../../arm-none-eabi/lib/thumb/v6-m\libc_nano.a(lib_a-strchr.o)
                0x0000000008009918                strchr
 .text.strncmp  0x0000000008009934       0x22 c:/st/stm32cubeide_1.0.2/stm32cubeide/plugins/com.st.stm32cube.ide.mcu.externaltools.gnu-tools-for-stm32.7-2018-q2-update.win32_1.0.0.201904181610/tools/bin/../lib/gcc/arm-none-eabi/7.3.1/../../../../arm-none-eabi/lib/thumb/v6-m\libc_nano.a(lib_a-strncmp.o)
                0x0000000008009934                strncmp
 .text.__ascii_wctomb
                0x0000000008009956       0x18 c:/st/stm32cubeide_1.0.2/stm32cubeide/plugins/com.st.stm32cube.ide.mcu.externaltools.gnu-tools-for-stm32.7-2018-q2-update.win32_1.0.0.201904181610/tools/bin/../lib/gcc/arm-none-eabi/7.3.1/../../../../arm-none-eabi/lib/thumb/v6-m\libc_nano.a(lib_a-wctomb_r.o)
                0x0000000008009956                __ascii_wctomb
 .text.__malloc_lock
                0x000000000800996e        0x2 c:/st/stm32cubeide_1.0.2/stm32cubeide/plugins/com.st.stm32cube.ide.mcu.externaltools.gnu-tools-for-stm32.7-2018-q2-update.win32_1.0.0.201904181610/tools/bin/../lib/gcc/arm-none-eabi/7.3.1/../../../../arm-none-eabi/lib/thumb/v6-m\libc_nano.a(lib_a-mlock.o)
                0x000000000800996e                __malloc_lock
 .text.__malloc_unlock
                0x0000000008009970        0x2 c:/st/stm32cubeide_1.0.2/stm32cubeide/plugins/com.st.stm32cube.ide.mcu.externaltools.gnu-tools-for-stm32.7-2018-q2-update.win32_1.0.0.201904181610/tools/bin/../lib/gcc/arm-none-eabi/7.3.1/../../../../arm-none-eabi/lib/thumb/v6-m\libc_nano.a(lib_a-mlock.o)
                0x0000000008009970                __malloc_unlock
 *(.glue_7)
 .glue_7        0x0000000008009972        0x0 linker stubs
 *(.glue_7t)
 .glue_7t       0x0000000008009972        0x0 linker stubs
 *(.eh_frame)
 *fill*         0x0000000008009972        0x2 
 .eh_frame      0x0000000008009974        0x0 c:/st/stm32cubeide_1.0.2/stm32cubeide/plugins/com.st.stm32cube.ide.mcu.externaltools.gnu-tools-for-stm32.7-2018-q2-update.win32_1.0.0.201904181610/tools/bin/../lib/gcc/arm-none-eabi/7.3.1/thumb/v6-m/crtbegin.o
 *(.init)
 .init          0x0000000008009974        0x4 c:/st/stm32cubeide_1.0.2/stm32cubeide/plugins/com.st.stm32cube.ide.mcu.externaltools.gnu-tools-for-stm32.7-2018-q2-update.win32_1.0.0.201904181610/tools/bin/../lib/gcc/arm-none-eabi/7.3.1/thumb/v6-m/crti.o
                0x0000000008009974                _init
 .init          0x0000000008009978        0x8 c:/st/stm32cubeide_1.0.2/stm32cubeide/plugins/com.st.stm32cube.ide.mcu.externaltools.gnu-tools-for-stm32.7-2018-q2-update.win32_1.0.0.201904181610/tools/bin/../lib/gcc/arm-none-eabi/7.3.1/thumb/v6-m/crtn.o
 *(.fini)
 .fini          0x0000000008009980        0x4 c:/st/stm32cubeide_1.0.2/stm32cubeide/plugins/com.st.stm32cube.ide.mcu.externaltools.gnu-tools-for-stm32.7-2018-q2-update.win32_1.0.0.201904181610/tools/bin/../lib/gcc/arm-none-eabi/7.3.1/thumb/v6-m/crti.o
                0x0000000008009980                _fini
 .fini          0x0000000008009984        0x8 c:/st/stm32cubeide_1.0.2/stm32cubeide/plugins/com.st.stm32cube.ide.mcu.externaltools.gnu-tools-for-stm32.7-2018-q2-update.win32_1.0.0.201904181610/tools/bin/../lib/gcc/arm-none-eabi/7.3.1/thumb/v6-m/crtn.o
                0x000000000800998c                . = ALIGN (0x4)
                0x000000000800998c                _etext = .

.vfp11_veneer   0x000000000800998c        0x0
 .vfp11_veneer  0x000000000800998c        0x0 linker stubs

.v4_bx          0x000000000800998c        0x0
 .v4_bx         0x000000000800998c        0x0 linker stubs

.iplt           0x000000000800998c        0x0
 .iplt          0x000000000800998c        0x0 c:/st/stm32cubeide_1.0.2/stm32cubeide/plugins/com.st.stm32cube.ide.mcu.externaltools.gnu-tools-for-stm32.7-2018-q2-update.win32_1.0.0.201904181610/tools/bin/../lib/gcc/arm-none-eabi/7.3.1/thumb/v6-m/crtbegin.o

.rodata         0x0000000008009990      0x7bc
                0x0000000008009990                . = ALIGN (0x4)
 *(.rodata)
 .rodata        0x0000000008009990       0xc1 Src/example.o
 *fill*         0x0000000008009a51        0x3 
 .rodata        0x0000000008009a54       0x25 note-c/n_cjson.o
 *fill*         0x0000000008009a79        0x3 
 .rodata        0x0000000008009a7c       0x29 note-c/n_hooks.o
 *fill*         0x0000000008009aa5        0x3 
 .rodata        0x0000000008009aa8       0x74 note-c/n_request.o
 .rodata        0x0000000008009b1c      0x19d note-c/n_serial.o
 *fill*         0x0000000008009cb9        0x3 
 .rodata        0x0000000008009cbc       0x40 c:/st/stm32cubeide_1.0.2/stm32cubeide/plugins/com.st.stm32cube.ide.mcu.externaltools.gnu-tools-for-stm32.7-2018-q2-update.win32_1.0.0.201904181610/tools/bin/../lib/gcc/arm-none-eabi/7.3.1/thumb/v6-m\libgcc.a(divdf3.o)
 .rodata        0x0000000008009cfc       0x40 c:/st/stm32cubeide_1.0.2/stm32cubeide/plugins/com.st.stm32cube.ide.mcu.externaltools.gnu-tools-for-stm32.7-2018-q2-update.win32_1.0.0.201904181610/tools/bin/../lib/gcc/arm-none-eabi/7.3.1/thumb/v6-m\libgcc.a(muldf3.o)
 *(.rodata*)
 .rodata.UART_SetConfig
                0x0000000008009d3c       0x48 Drivers/STM32L0xx_HAL_Driver/Src/stm32l0xx_hal_uart.o
 .rodata.AHBPrescTable
                0x0000000008009d84       0x10 Src/system_stm32l0xx.o
                0x0000000008009d84                AHBPrescTable
 .rodata.APBPrescTable
                0x0000000008009d94        0x8 Src/system_stm32l0xx.o
                0x0000000008009d94                APBPrescTable
 .rodata.PLLMulTable
                0x0000000008009d9c        0x9 Src/system_stm32l0xx.o
                0x0000000008009d9c                PLLMulTable
 *fill*         0x0000000008009da5        0x3 
 .rodata.parse_number
                0x0000000008009da8       0xec note-c/n_cjson.o
 .rodata.parse_string
                0x0000000008009e94      0x150 note-c/n_cjson.o
 .rodata.default_buffer_size.7187
                0x0000000008009fe4        0x4 note-c/n_cjson.o
 .rodata.rounders
                0x0000000008009fe8       0x58 note-c/n_ftoa.o
 .rodata._setlocale_r.str1.1
                0x000000000800a040        0x8 c:/st/stm32cubeide_1.0.2/stm32cubeide/plugins/com.st.stm32cube.ide.mcu.externaltools.gnu-tools-for-stm32.7-2018-q2-update.win32_1.0.0.201904181610/tools/bin/../lib/gcc/arm-none-eabi/7.3.1/../../../../arm-none-eabi/lib/thumb/v6-m\libc_nano.a(lib_a-locale.o)
                                          0x9 (size before relaxing)
 .rodata.str1.1
                0x000000000800a048        0x2 c:/st/stm32cubeide_1.0.2/stm32cubeide/plugins/com.st.stm32cube.ide.mcu.externaltools.gnu-tools-for-stm32.7-2018-q2-update.win32_1.0.0.201904181610/tools/bin/../lib/gcc/arm-none-eabi/7.3.1/../../../../arm-none-eabi/lib/thumb/v6-m\libc_nano.a(lib_a-locale.o)
 .rodata._ctype_
                0x000000000800a04a      0x101 c:/st/stm32cubeide_1.0.2/stm32cubeide/plugins/com.st.stm32cube.ide.mcu.externaltools.gnu-tools-for-stm32.7-2018-q2-update.win32_1.0.0.201904181610/tools/bin/../lib/gcc/arm-none-eabi/7.3.1/../../../../arm-none-eabi/lib/thumb/v6-m\libc_nano.a(lib_a-ctype_.o)
                0x000000000800a04a                _ctype_
                0x000000000800a14c                . = ALIGN (0x4)
 *fill*         0x000000000800a14b        0x1 

.ARM.extab      0x000000000800a14c        0x0
                0x000000000800a14c                . = ALIGN (0x4)
 *(.ARM.extab* .gnu.linkonce.armextab.*)
                0x000000000800a14c                . = ALIGN (0x4)

.ARM            0x000000000800a14c        0x8
                0x000000000800a14c                . = ALIGN (0x4)
                0x000000000800a14c                __exidx_start = .
 *(.ARM.exidx*)
 .ARM.exidx     0x000000000800a14c        0x8 c:/st/stm32cubeide_1.0.2/stm32cubeide/plugins/com.st.stm32cube.ide.mcu.externaltools.gnu-tools-for-stm32.7-2018-q2-update.win32_1.0.0.201904181610/tools/bin/../lib/gcc/arm-none-eabi/7.3.1/thumb/v6-m\libgcc.a(_udivmoddi4.o)
                0x000000000800a154                __exidx_end = .
                0x000000000800a154                . = ALIGN (0x4)

.rel.dyn        0x000000000800a154        0x0
 .rel.iplt      0x000000000800a154        0x0 c:/st/stm32cubeide_1.0.2/stm32cubeide/plugins/com.st.stm32cube.ide.mcu.externaltools.gnu-tools-for-stm32.7-2018-q2-update.win32_1.0.0.201904181610/tools/bin/../lib/gcc/arm-none-eabi/7.3.1/thumb/v6-m/crtbegin.o

.preinit_array  0x000000000800a154        0x0
                0x000000000800a154                . = ALIGN (0x4)
                0x000000000800a154                PROVIDE (__preinit_array_start = .)
 *(.preinit_array*)
                0x000000000800a154                PROVIDE (__preinit_array_end = .)
                0x000000000800a154                . = ALIGN (0x4)

.init_array     0x000000000800a154        0x4
                0x000000000800a154                . = ALIGN (0x4)
                0x000000000800a154                PROVIDE (__init_array_start = .)
 *(SORT_BY_NAME(.init_array.*))
 *(.init_array*)
 .init_array    0x000000000800a154        0x4 c:/st/stm32cubeide_1.0.2/stm32cubeide/plugins/com.st.stm32cube.ide.mcu.externaltools.gnu-tools-for-stm32.7-2018-q2-update.win32_1.0.0.201904181610/tools/bin/../lib/gcc/arm-none-eabi/7.3.1/thumb/v6-m/crtbegin.o
                0x000000000800a158                PROVIDE (__init_array_end = .)
                0x000000000800a158                . = ALIGN (0x4)

.fini_array     0x000000000800a158        0x4
                0x000000000800a158                . = ALIGN (0x4)
                [!provide]                        PROVIDE (__fini_array_start = .)
 *(SORT_BY_NAME(.fini_array.*))
 *(.fini_array*)
 .fini_array    0x000000000800a158        0x4 c:/st/stm32cubeide_1.0.2/stm32cubeide/plugins/com.st.stm32cube.ide.mcu.externaltools.gnu-tools-for-stm32.7-2018-q2-update.win32_1.0.0.201904181610/tools/bin/../lib/gcc/arm-none-eabi/7.3.1/thumb/v6-m/crtbegin.o
                [!provide]                        PROVIDE (__fini_array_end = .)
                0x000000000800a15c                . = ALIGN (0x4)
                0x000000000800a15c                _sidata = LOADADDR (.data)

.data           0x0000000020000000      0x22c load address 0x000000000800a15c
                0x0000000020000000                . = ALIGN (0x4)
                0x0000000020000000                _sdata = .
 *(.data)
 *(.data*)
 .data.SystemCoreClock
                0x0000000020000000        0x4 Src/system_stm32l0xx.o
                0x0000000020000000                SystemCoreClock
 .data.maxExponent
                0x0000000020000004        0x4 note-c/n_atof.o
 .data.powersOf10
                0x0000000020000008       0x50 note-c/n_atof.o
 .data.resetRequired
                0x0000000020000058        0x1 note-c/n_request.o
 *fill*         0x0000000020000059        0x3 
 .data._impure_ptr
                0x000000002000005c        0x4 c:/st/stm32cubeide_1.0.2/stm32cubeide/plugins/com.st.stm32cube.ide.mcu.externaltools.gnu-tools-for-stm32.7-2018-q2-update.win32_1.0.0.201904181610/tools/bin/../lib/gcc/arm-none-eabi/7.3.1/../../../../arm-none-eabi/lib/thumb/v6-m\libc_nano.a(lib_a-impure.o)
                0x000000002000005c                _impure_ptr
 .data.impure_data
                0x0000000020000060       0x60 c:/st/stm32cubeide_1.0.2/stm32cubeide/plugins/com.st.stm32cube.ide.mcu.externaltools.gnu-tools-for-stm32.7-2018-q2-update.win32_1.0.0.201904181610/tools/bin/../lib/gcc/arm-none-eabi/7.3.1/../../../../arm-none-eabi/lib/thumb/v6-m\libc_nano.a(lib_a-impure.o)
 .data.__global_locale
                0x00000000200000c0      0x16c c:/st/stm32cubeide_1.0.2/stm32cubeide/plugins/com.st.stm32cube.ide.mcu.externaltools.gnu-tools-for-stm32.7-2018-q2-update.win32_1.0.0.201904181610/tools/bin/../lib/gcc/arm-none-eabi/7.3.1/../../../../arm-none-eabi/lib/thumb/v6-m\libc_nano.a(lib_a-locale.o)
                0x00000000200000c0                __global_locale
                0x000000002000022c                . = ALIGN (0x4)
                0x000000002000022c                _edata = .

.igot.plt       0x000000002000022c        0x0 load address 0x000000000800a388
 .igot.plt      0x000000002000022c        0x0 c:/st/stm32cubeide_1.0.2/stm32cubeide/plugins/com.st.stm32cube.ide.mcu.externaltools.gnu-tools-for-stm32.7-2018-q2-update.win32_1.0.0.201904181610/tools/bin/../lib/gcc/arm-none-eabi/7.3.1/thumb/v6-m/crtbegin.o
                0x000000002000022c                . = ALIGN (0x4)

.bss            0x000000002000022c      0x390 load address 0x000000000800a388
                0x000000002000022c                _sbss = .
                0x000000002000022c                __bss_start__ = _sbss
 *(.bss)
 .bss           0x000000002000022c       0x1c c:/st/stm32cubeide_1.0.2/stm32cubeide/plugins/com.st.stm32cube.ide.mcu.externaltools.gnu-tools-for-stm32.7-2018-q2-update.win32_1.0.0.201904181610/tools/bin/../lib/gcc/arm-none-eabi/7.3.1/thumb/v6-m/crtbegin.o
 *(.bss*)
 .bss.eventsThatHappened
                0x0000000020000248        0x4 Src/event.o
 .bss.eventTimerExpiresMs
                0x000000002000024c        0x4 Src/event.o
 .bss.eventCounter.6358
                0x0000000020000250        0x4 Src/example.o
 .bss.i2c1Initialized
                0x0000000020000254        0x1 Src/main.o
                0x0000000020000254                i2c1Initialized
 .bss.uart1Initialized
                0x0000000020000255        0x1 Src/main.o
                0x0000000020000255                uart1Initialized
 *fill*         0x0000000020000256        0x2 
 .bss.totalTimerMs
                0x0000000020000258        0x4 Src/main.o
                0x0000000020000258                totalTimerMs
 .bss.serialInterruptBuffer
                0x000000002000025c        0x1 Src/main.o
 *fill*         0x000000002000025d        0x3 
 .bss.serialFillIndex
                0x0000000020000260        0x4 Src/main.o
 .bss.serialDrainIndex
                0x0000000020000264        0x4 Src/main.o
 .bss.serialOverruns
                0x0000000020000268        0x4 Src/main.o
 .bss.serialBuffer
                0x000000002000026c      0x200 Src/main.o
 .bss.heap_end.5149
                0x000000002000046c        0x4 Src/sysmem.o
 .bss.global_error
                0x0000000020000470        0x8 note-c/n_cjson.o
 .bss.hookDebugOutput
                0x0000000020000478        0x4 note-c/n_hooks.o
                0x0000000020000478                hookDebugOutput
 .bss.hookLockNote
                0x000000002000047c        0x4 note-c/n_hooks.o
                0x000000002000047c                hookLockNote
 .bss.hookUnlockNote
                0x0000000020000480        0x4 note-c/n_hooks.o
                0x0000000020000480                hookUnlockNote
 .bss.hookMalloc
                0x0000000020000484        0x4 note-c/n_hooks.o
                0x0000000020000484                hookMalloc
 .bss.hookFree  0x0000000020000488        0x4 note-c/n_hooks.o
                0x0000000020000488                hookFree
 .bss.hookDelayMs
                0x000000002000048c        0x4 note-c/n_hooks.o
                0x000000002000048c                hookDelayMs
 .bss.hookGetMs
                0x0000000020000490        0x4 note-c/n_hooks.o
                0x0000000020000490                hookGetMs
 .bss.hookActiveInterface
                0x0000000020000494        0x4 note-c/n_hooks.o
                0x0000000020000494                hookActiveInterface
 .bss.hookSerialReset
                0x0000000020000498        0x4 note-c/n_hooks.o
                0x0000000020000498                hookSerialReset
 .bss.hookSerialTransmit
                0x000000002000049c        0x4 note-c/n_hooks.o
                0x000000002000049c                hookSerialTransmit
 .bss.hookSerialAvailable
                0x00000000200004a0        0x4 note-c/n_hooks.o
                0x00000000200004a0                hookSerialAvailable
 .bss.hookSerialReceive
                0x00000000200004a4        0x4 note-c/n_hooks.o
                0x00000000200004a4                hookSerialReceive
 .bss.notecardReset
                0x00000000200004a8        0x4 note-c/n_hooks.o
 .bss.notecardTransaction
                0x00000000200004ac        0x4 note-c/n_hooks.o
 .bss.__malloc_free_list
                0x00000000200004b0        0x4 c:/st/stm32cubeide_1.0.2/stm32cubeide/plugins/com.st.stm32cube.ide.mcu.externaltools.gnu-tools-for-stm32.7-2018-q2-update.win32_1.0.0.201904181610/tools/bin/../lib/gcc/arm-none-eabi/7.3.1/../../../../arm-none-eabi/lib/thumb/v6-m\libc_nano.a(lib_a-nano-mallocr.o)
                0x00000000200004b0                __malloc_free_list
 .bss.__malloc_sbrk_start
                0x00000000200004b4        0x4 c:/st/stm32cubeide_1.0.2/stm32cubeide/plugins/com.st.stm32cube.ide.mcu.externaltools.gnu-tools-for-stm32.7-2018-q2-update.win32_1.0.0.201904181610/tools/bin/../lib/gcc/arm-none-eabi/7.3.1/../../../../arm-none-eabi/lib/thumb/v6-m\libc_nano.a(lib_a-nano-mallocr.o)
                0x00000000200004b4                __malloc_sbrk_start
 *(COMMON)
 COMMON         0x00000000200004b8        0x4 Drivers/STM32L0xx_HAL_Driver/Src/stm32l0xx_hal.o
                0x00000000200004b8                uwTick
 COMMON         0x00000000200004bc       0xfc Src/main.o
                0x00000000200004bc                hi2c1
                0x0000000020000508                huart1
                0x0000000020000588                hlptim1
 COMMON         0x00000000200005b8        0x4 c:/st/stm32cubeide_1.0.2/stm32cubeide/plugins/com.st.stm32cube.ide.mcu.externaltools.gnu-tools-for-stm32.7-2018-q2-update.win32_1.0.0.201904181610/tools/bin/../lib/gcc/arm-none-eabi/7.3.1/../../../../arm-none-eabi/lib/thumb/v6-m\libc_nano.a(lib_a-reent.o)
                0x00000000200005b8                errno
                0x00000000200005bc                . = ALIGN (0x4)
                0x00000000200005bc                _ebss = .
                0x00000000200005bc                __bss_end__ = _ebss

._user_heap_stack
                0x00000000200005bc      0x604 load address 0x000000000800a388
                0x00000000200005c0                . = ALIGN (0x8)
 *fill*         0x00000000200005bc        0x4 
                0x00000000200005c0                PROVIDE (end = .)
                [!provide]                        PROVIDE (_end = .)
                0x00000000200007c0                . = (. + _Min_Heap_Size)
 *fill*         0x00000000200005c0      0x200 
                0x0000000020000bc0                . = (. + _Min_Stack_Size)
 *fill*         0x00000000200007c0      0x400 
                0x0000000020000bc0                . = ALIGN (0x8)

/DISCARD/
 libc.a(*)
 libm.a(*)
 libgcc.a(*)

.ARM.attributes
                0x0000000000000000       0x28
 *(.ARM.attributes)
 .ARM.attributes
                0x0000000000000000       0x1e c:/st/stm32cubeide_1.0.2/stm32cubeide/plugins/com.st.stm32cube.ide.mcu.externaltools.gnu-tools-for-stm32.7-2018-q2-update.win32_1.0.0.201904181610/tools/bin/../lib/gcc/arm-none-eabi/7.3.1/thumb/v6-m/crti.o
 .ARM.attributes
                0x000000000000001e       0x2c c:/st/stm32cubeide_1.0.2/stm32cubeide/plugins/com.st.stm32cube.ide.mcu.externaltools.gnu-tools-for-stm32.7-2018-q2-update.win32_1.0.0.201904181610/tools/bin/../lib/gcc/arm-none-eabi/7.3.1/thumb/v6-m/crtbegin.o
 .ARM.attributes
                0x000000000000004a       0x32 Drivers/STM32L0xx_HAL_Driver/Src/stm32l0xx_hal.o
 .ARM.attributes
                0x000000000000007c       0x32 Drivers/STM32L0xx_HAL_Driver/Src/stm32l0xx_hal_cortex.o
 .ARM.attributes
                0x00000000000000ae       0x32 Drivers/STM32L0xx_HAL_Driver/Src/stm32l0xx_hal_dma.o
 .ARM.attributes
                0x00000000000000e0       0x32 Drivers/STM32L0xx_HAL_Driver/Src/stm32l0xx_hal_gpio.o
 .ARM.attributes
                0x0000000000000112       0x32 Drivers/STM32L0xx_HAL_Driver/Src/stm32l0xx_hal_i2c.o
 .ARM.attributes
                0x0000000000000144       0x32 Drivers/STM32L0xx_HAL_Driver/Src/stm32l0xx_hal_i2c_ex.o
 .ARM.attributes
                0x0000000000000176       0x32 Drivers/STM32L0xx_HAL_Driver/Src/stm32l0xx_hal_lptim.o
 .ARM.attributes
                0x00000000000001a8       0x32 Drivers/STM32L0xx_HAL_Driver/Src/stm32l0xx_hal_pwr.o
 .ARM.attributes
                0x00000000000001da       0x32 Drivers/STM32L0xx_HAL_Driver/Src/stm32l0xx_hal_rcc.o
 .ARM.attributes
                0x000000000000020c       0x32 Drivers/STM32L0xx_HAL_Driver/Src/stm32l0xx_hal_rcc_ex.o
 .ARM.attributes
                0x000000000000023e       0x32 Drivers/STM32L0xx_HAL_Driver/Src/stm32l0xx_hal_uart.o
 .ARM.attributes
                0x0000000000000270       0x32 Drivers/STM32L0xx_HAL_Driver/Src/stm32l0xx_hal_uart_ex.o
 .ARM.attributes
                0x00000000000002a2       0x32 Src/event.o
 .ARM.attributes
                0x00000000000002d4       0x32 Src/example.o
 .ARM.attributes
                0x0000000000000306       0x32 Src/main.o
 .ARM.attributes
                0x0000000000000338       0x32 Src/stm32l0xx_hal_msp.o
 .ARM.attributes
                0x000000000000036a       0x32 Src/stm32l0xx_it.o
 .ARM.attributes
                0x000000000000039c       0x32 Src/sysmem.o
 .ARM.attributes
                0x00000000000003ce       0x32 Src/system_stm32l0xx.o
 .ARM.attributes
                0x0000000000000400       0x22 Startup/startup_stm32l053r8tx.o
 .ARM.attributes
                0x0000000000000422       0x32 note-c/n_atof.o
 .ARM.attributes
                0x0000000000000454       0x32 note-c/n_cjson.o
 .ARM.attributes
                0x0000000000000486       0x32 note-c/n_cjson_helpers.o
 .ARM.attributes
                0x00000000000004b8       0x32 note-c/n_ftoa.o
 .ARM.attributes
                0x00000000000004ea       0x32 note-c/n_hooks.o
 .ARM.attributes
                0x000000000000051c       0x32 note-c/n_request.o
 .ARM.attributes
                0x000000000000054e       0x32 note-c/n_serial.o
 .ARM.attributes
                0x0000000000000580       0x2c c:/st/stm32cubeide_1.0.2/stm32cubeide/plugins/com.st.stm32cube.ide.mcu.externaltools.gnu-tools-for-stm32.7-2018-q2-update.win32_1.0.0.201904181610/tools/bin/../lib/gcc/arm-none-eabi/7.3.1/../../../../arm-none-eabi/lib/thumb/v6-m\libc_nano.a(lib_a-errno.o)
 .ARM.attributes
                0x00000000000005ac       0x2c c:/st/stm32cubeide_1.0.2/stm32cubeide/plugins/com.st.stm32cube.ide.mcu.externaltools.gnu-tools-for-stm32.7-2018-q2-update.win32_1.0.0.201904181610/tools/bin/../lib/gcc/arm-none-eabi/7.3.1/../../../../arm-none-eabi/lib/thumb/v6-m\libc_nano.a(lib_a-impure.o)
 .ARM.attributes
                0x00000000000005d8       0x2c c:/st/stm32cubeide_1.0.2/stm32cubeide/plugins/com.st.stm32cube.ide.mcu.externaltools.gnu-tools-for-stm32.7-2018-q2-update.win32_1.0.0.201904181610/tools/bin/../lib/gcc/arm-none-eabi/7.3.1/../../../../arm-none-eabi/lib/thumb/v6-m\libc_nano.a(lib_a-init.o)
 .ARM.attributes
                0x0000000000000604       0x2c c:/st/stm32cubeide_1.0.2/stm32cubeide/plugins/com.st.stm32cube.ide.mcu.externaltools.gnu-tools-for-stm32.7-2018-q2-update.win32_1.0.0.201904181610/tools/bin/../lib/gcc/arm-none-eabi/7.3.1/../../../../arm-none-eabi/lib/thumb/v6-m\libc_nano.a(lib_a-locale.o)
 .ARM.attributes
                0x0000000000000630       0x2c c:/st/stm32cubeide_1.0.2/stm32cubeide/plugins/com.st.stm32cube.ide.mcu.externaltools.gnu-tools-for-stm32.7-2018-q2-update.win32_1.0.0.201904181610/tools/bin/../lib/gcc/arm-none-eabi/7.3.1/../../../../arm-none-eabi/lib/thumb/v6-m\libc_nano.a(lib_a-malloc.o)
 .ARM.attributes
                0x000000000000065c       0x2c c:/st/stm32cubeide_1.0.2/stm32cubeide/plugins/com.st.stm32cube.ide.mcu.externaltools.gnu-tools-for-stm32.7-2018-q2-update.win32_1.0.0.201904181610/tools/bin/../lib/gcc/arm-none-eabi/7.3.1/../../../../arm-none-eabi/lib/thumb/v6-m\libc_nano.a(lib_a-mbtowc_r.o)
 .ARM.attributes
                0x0000000000000688       0x2c c:/st/stm32cubeide_1.0.2/stm32cubeide/plugins/com.st.stm32cube.ide.mcu.externaltools.gnu-tools-for-stm32.7-2018-q2-update.win32_1.0.0.201904181610/tools/bin/../lib/gcc/arm-none-eabi/7.3.1/../../../../arm-none-eabi/lib/thumb/v6-m\libc_nano.a(lib_a-memcpy-stub.o)
 .ARM.attributes
                0x00000000000006b4       0x2c c:/st/stm32cubeide_1.0.2/stm32cubeide/plugins/com.st.stm32cube.ide.mcu.externaltools.gnu-tools-for-stm32.7-2018-q2-update.win32_1.0.0.201904181610/tools/bin/../lib/gcc/arm-none-eabi/7.3.1/../../../../arm-none-eabi/lib/thumb/v6-m\libc_nano.a(lib_a-memset.o)
 .ARM.attributes
                0x00000000000006e0       0x2c c:/st/stm32cubeide_1.0.2/stm32cubeide/plugins/com.st.stm32cube.ide.mcu.externaltools.gnu-tools-for-stm32.7-2018-q2-update.win32_1.0.0.201904181610/tools/bin/../lib/gcc/arm-none-eabi/7.3.1/../../../../arm-none-eabi/lib/thumb/v6-m\libc_nano.a(lib_a-nano-freer.o)
 .ARM.attributes
                0x000000000000070c       0x2c c:/st/stm32cubeide_1.0.2/stm32cubeide/plugins/com.st.stm32cube.ide.mcu.externaltools.gnu-tools-for-stm32.7-2018-q2-update.win32_1.0.0.201904181610/tools/bin/../lib/gcc/arm-none-eabi/7.3.1/../../../../arm-none-eabi/lib/thumb/v6-m\libc_nano.a(lib_a-nano-mallocr.o)
 .ARM.attributes
                0x0000000000000738       0x2c c:/st/stm32cubeide_1.0.2/stm32cubeide/plugins/com.st.stm32cube.ide.mcu.externaltools.gnu-tools-for-stm32.7-2018-q2-update.win32_1.0.0.201904181610/tools/bin/../lib/gcc/arm-none-eabi/7.3.1/../../../../arm-none-eabi/lib/thumb/v6-m\libc_nano.a(lib_a-sbrkr.o)
 .ARM.attributes
                0x0000000000000764       0x2c c:/st/stm32cubeide_1.0.2/stm32cubeide/plugins/com.st.stm32cube.ide.mcu.externaltools.gnu-tools-for-stm32.7-2018-q2-update.win32_1.0.0.201904181610/tools/bin/../lib/gcc/arm-none-eabi/7.3.1/../../../../arm-none-eabi/lib/thumb/v6-m\libc_nano.a(lib_a-strchr.o)
 .ARM.attributes
                0x0000000000000790       0x1c c:/st/stm32cubeide_1.0.2/stm32cubeide/plugins/com.st.stm32cube.ide.mcu.externaltools.gnu-tools-for-stm32.7-2018-q2-update.win32_1.0.0.201904181610/tools/bin/../lib/gcc/arm-none-eabi/7.3.1/../../../../arm-none-eabi/lib/thumb/v6-m\libc_nano.a(lib_a-strcmp.o)
 .ARM.attributes
                0x00000000000007ac       0x1c c:/st/stm32cubeide_1.0.2/stm32cubeide/plugins/com.st.stm32cube.ide.mcu.externaltools.gnu-tools-for-stm32.7-2018-q2-update.win32_1.0.0.201904181610/tools/bin/../lib/gcc/arm-none-eabi/7.3.1/../../../../arm-none-eabi/lib/thumb/v6-m\libc_nano.a(lib_a-strlen.o)
 .ARM.attributes
                0x00000000000007c8       0x2c c:/st/stm32cubeide_1.0.2/stm32cubeide/plugins/com.st.stm32cube.ide.mcu.externaltools.gnu-tools-for-stm32.7-2018-q2-update.win32_1.0.0.201904181610/tools/bin/../lib/gcc/arm-none-eabi/7.3.1/../../../../arm-none-eabi/lib/thumb/v6-m\libc_nano.a(lib_a-strncmp.o)
 .ARM.attributes
                0x00000000000007f4       0x2c c:/st/stm32cubeide_1.0.2/stm32cubeide/plugins/com.st.stm32cube.ide.mcu.externaltools.gnu-tools-for-stm32.7-2018-q2-update.win32_1.0.0.201904181610/tools/bin/../lib/gcc/arm-none-eabi/7.3.1/../../../../arm-none-eabi/lib/thumb/v6-m\libc_nano.a(lib_a-wctomb_r.o)
 .ARM.attributes
                0x0000000000000820       0x2c c:/st/stm32cubeide_1.0.2/stm32cubeide/plugins/com.st.stm32cube.ide.mcu.externaltools.gnu-tools-for-stm32.7-2018-q2-update.win32_1.0.0.201904181610/tools/bin/../lib/gcc/arm-none-eabi/7.3.1/../../../../arm-none-eabi/lib/thumb/v6-m\libc_nano.a(lib_a-ctype_.o)
 .ARM.attributes
                0x000000000000084c       0x2c c:/st/stm32cubeide_1.0.2/stm32cubeide/plugins/com.st.stm32cube.ide.mcu.externaltools.gnu-tools-for-stm32.7-2018-q2-update.win32_1.0.0.201904181610/tools/bin/../lib/gcc/arm-none-eabi/7.3.1/../../../../arm-none-eabi/lib/thumb/v6-m\libc_nano.a(lib_a-mlock.o)
 .ARM.attributes
                0x0000000000000878       0x2c c:/st/stm32cubeide_1.0.2/stm32cubeide/plugins/com.st.stm32cube.ide.mcu.externaltools.gnu-tools-for-stm32.7-2018-q2-update.win32_1.0.0.201904181610/tools/bin/../lib/gcc/arm-none-eabi/7.3.1/../../../../arm-none-eabi/lib/thumb/v6-m\libc_nano.a(lib_a-reent.o)
 .ARM.attributes
                0x00000000000008a4       0x1e c:/st/stm32cubeide_1.0.2/stm32cubeide/plugins/com.st.stm32cube.ide.mcu.externaltools.gnu-tools-for-stm32.7-2018-q2-update.win32_1.0.0.201904181610/tools/bin/../lib/gcc/arm-none-eabi/7.3.1/thumb/v6-m\libgcc.a(_udivsi3.o)
 .ARM.attributes
                0x00000000000008c2       0x1e c:/st/stm32cubeide_1.0.2/stm32cubeide/plugins/com.st.stm32cube.ide.mcu.externaltools.gnu-tools-for-stm32.7-2018-q2-update.win32_1.0.0.201904181610/tools/bin/../lib/gcc/arm-none-eabi/7.3.1/thumb/v6-m\libgcc.a(_divsi3.o)
 .ARM.attributes
                0x00000000000008e0       0x1e c:/st/stm32cubeide_1.0.2/stm32cubeide/plugins/com.st.stm32cube.ide.mcu.externaltools.gnu-tools-for-stm32.7-2018-q2-update.win32_1.0.0.201904181610/tools/bin/../lib/gcc/arm-none-eabi/7.3.1/thumb/v6-m\libgcc.a(_dvmd_tls.o)
 .ARM.attributes
                0x00000000000008fe       0x1e c:/st/stm32cubeide_1.0.2/stm32cubeide/plugins/com.st.stm32cube.ide.mcu.externaltools.gnu-tools-for-stm32.7-2018-q2-update.win32_1.0.0.201904181610/tools/bin/../lib/gcc/arm-none-eabi/7.3.1/thumb/v6-m\libgcc.a(_arm_cmpdf2.o)
 .ARM.attributes
                0x000000000000091c       0x1e c:/st/stm32cubeide_1.0.2/stm32cubeide/plugins/com.st.stm32cube.ide.mcu.externaltools.gnu-tools-for-stm32.7-2018-q2-update.win32_1.0.0.201904181610/tools/bin/../lib/gcc/arm-none-eabi/7.3.1/thumb/v6-m\libgcc.a(_aeabi_uldivmod.o)
 .ARM.attributes
                0x000000000000093a       0x2c c:/st/stm32cubeide_1.0.2/stm32cubeide/plugins/com.st.stm32cube.ide.mcu.externaltools.gnu-tools-for-stm32.7-2018-q2-update.win32_1.0.0.201904181610/tools/bin/../lib/gcc/arm-none-eabi/7.3.1/thumb/v6-m\libgcc.a(_fixunsdfsi.o)
 .ARM.attributes
                0x0000000000000966       0x2c c:/st/stm32cubeide_1.0.2/stm32cubeide/plugins/com.st.stm32cube.ide.mcu.externaltools.gnu-tools-for-stm32.7-2018-q2-update.win32_1.0.0.201904181610/tools/bin/../lib/gcc/arm-none-eabi/7.3.1/thumb/v6-m\libgcc.a(_udivmoddi4.o)
 .ARM.attributes
                0x0000000000000992       0x2c c:/st/stm32cubeide_1.0.2/stm32cubeide/plugins/com.st.stm32cube.ide.mcu.externaltools.gnu-tools-for-stm32.7-2018-q2-update.win32_1.0.0.201904181610/tools/bin/../lib/gcc/arm-none-eabi/7.3.1/thumb/v6-m\libgcc.a(adddf3.o)
 .ARM.attributes
                0x00000000000009be       0x2c c:/st/stm32cubeide_1.0.2/stm32cubeide/plugins/com.st.stm32cube.ide.mcu.externaltools.gnu-tools-for-stm32.7-2018-q2-update.win32_1.0.0.201904181610/tools/bin/../lib/gcc/arm-none-eabi/7.3.1/thumb/v6-m\libgcc.a(divdf3.o)
 .ARM.attributes
                0x00000000000009ea       0x2c c:/st/stm32cubeide_1.0.2/stm32cubeide/plugins/com.st.stm32cube.ide.mcu.externaltools.gnu-tools-for-stm32.7-2018-q2-update.win32_1.0.0.201904181610/tools/bin/../lib/gcc/arm-none-eabi/7.3.1/thumb/v6-m\libgcc.a(eqdf2.o)
 .ARM.attributes
                0x0000000000000a16       0x2c c:/st/stm32cubeide_1.0.2/stm32cubeide/plugins/com.st.stm32cube.ide.mcu.externaltools.gnu-tools-for-stm32.7-2018-q2-update.win32_1.0.0.201904181610/tools/bin/../lib/gcc/arm-none-eabi/7.3.1/thumb/v6-m\libgcc.a(gedf2.o)
 .ARM.attributes
                0x0000000000000a42       0x2c c:/st/stm32cubeide_1.0.2/stm32cubeide/plugins/com.st.stm32cube.ide.mcu.externaltools.gnu-tools-for-stm32.7-2018-q2-update.win32_1.0.0.201904181610/tools/bin/../lib/gcc/arm-none-eabi/7.3.1/thumb/v6-m\libgcc.a(ledf2.o)
 .ARM.attributes
                0x0000000000000a6e       0x2c c:/st/stm32cubeide_1.0.2/stm32cubeide/plugins/com.st.stm32cube.ide.mcu.externaltools.gnu-tools-for-stm32.7-2018-q2-update.win32_1.0.0.201904181610/tools/bin/../lib/gcc/arm-none-eabi/7.3.1/thumb/v6-m\libgcc.a(muldf3.o)
 .ARM.attributes
                0x0000000000000a9a       0x2c c:/st/stm32cubeide_1.0.2/stm32cubeide/plugins/com.st.stm32cube.ide.mcu.externaltools.gnu-tools-for-stm32.7-2018-q2-update.win32_1.0.0.201904181610/tools/bin/../lib/gcc/arm-none-eabi/7.3.1/thumb/v6-m\libgcc.a(subdf3.o)
 .ARM.attributes
                0x0000000000000ac6       0x2c c:/st/stm32cubeide_1.0.2/stm32cubeide/plugins/com.st.stm32cube.ide.mcu.externaltools.gnu-tools-for-stm32.7-2018-q2-update.win32_1.0.0.201904181610/tools/bin/../lib/gcc/arm-none-eabi/7.3.1/thumb/v6-m\libgcc.a(fixdfsi.o)
 .ARM.attributes
                0x0000000000000af2       0x2c c:/st/stm32cubeide_1.0.2/stm32cubeide/plugins/com.st.stm32cube.ide.mcu.externaltools.gnu-tools-for-stm32.7-2018-q2-update.win32_1.0.0.201904181610/tools/bin/../lib/gcc/arm-none-eabi/7.3.1/thumb/v6-m\libgcc.a(floatsidf.o)
 .ARM.attributes
                0x0000000000000b1e       0x2c c:/st/stm32cubeide_1.0.2/stm32cubeide/plugins/com.st.stm32cube.ide.mcu.externaltools.gnu-tools-for-stm32.7-2018-q2-update.win32_1.0.0.201904181610/tools/bin/../lib/gcc/arm-none-eabi/7.3.1/thumb/v6-m\libgcc.a(floatunsidf.o)
 .ARM.attributes
                0x0000000000000b4a       0x1e c:/st/stm32cubeide_1.0.2/stm32cubeide/plugins/com.st.stm32cube.ide.mcu.externaltools.gnu-tools-for-stm32.7-2018-q2-update.win32_1.0.0.201904181610/tools/bin/../lib/gcc/arm-none-eabi/7.3.1/thumb/v6-m\libgcc.a(_clzsi2.o)
 .ARM.attributes
                0x0000000000000b68       0x1e c:/st/stm32cubeide_1.0.2/stm32cubeide/plugins/com.st.stm32cube.ide.mcu.externaltools.gnu-tools-for-stm32.7-2018-q2-update.win32_1.0.0.201904181610/tools/bin/../lib/gcc/arm-none-eabi/7.3.1/thumb/v6-m\libgcc.a(_clzdi2.o)
 .ARM.attributes
                0x0000000000000b86       0x1e c:/st/stm32cubeide_1.0.2/stm32cubeide/plugins/com.st.stm32cube.ide.mcu.externaltools.gnu-tools-for-stm32.7-2018-q2-update.win32_1.0.0.201904181610/tools/bin/../lib/gcc/arm-none-eabi/7.3.1/thumb/v6-m/crtn.o
OUTPUT(note-stm32l0.elf elf32-littlearm)

.debug_info     0x0000000000000000    0x14e09
 .debug_info    0x0000000000000000      0x7ab Drivers/STM32L0xx_HAL_Driver/Src/stm32l0xx_hal.o
 .debug_info    0x00000000000007ab      0x8cd Drivers/STM32L0xx_HAL_Driver/Src/stm32l0xx_hal_cortex.o
 .debug_info    0x0000000000001078      0x77c Drivers/STM32L0xx_HAL_Driver/Src/stm32l0xx_hal_dma.o
 .debug_info    0x00000000000017f4      0x6c5 Drivers/STM32L0xx_HAL_Driver/Src/stm32l0xx_hal_gpio.o
 .debug_info    0x0000000000001eb9     0x1eef Drivers/STM32L0xx_HAL_Driver/Src/stm32l0xx_hal_i2c.o
 .debug_info    0x0000000000003da8      0x8e8 Drivers/STM32L0xx_HAL_Driver/Src/stm32l0xx_hal_i2c_ex.o
 .debug_info    0x0000000000004690      0xd95 Drivers/STM32L0xx_HAL_Driver/Src/stm32l0xx_hal_lptim.o
 .debug_info    0x0000000000005425      0x661 Drivers/STM32L0xx_HAL_Driver/Src/stm32l0xx_hal_pwr.o
 .debug_info    0x0000000000005a86      0x954 Drivers/STM32L0xx_HAL_Driver/Src/stm32l0xx_hal_rcc.o
 .debug_info    0x00000000000063da      0x812 Drivers/STM32L0xx_HAL_Driver/Src/stm32l0xx_hal_rcc_ex.o
 .debug_info    0x0000000000006bec     0x1524 Drivers/STM32L0xx_HAL_Driver/Src/stm32l0xx_hal_uart.o
 .debug_info    0x0000000000008110      0x88f Drivers/STM32L0xx_HAL_Driver/Src/stm32l0xx_hal_uart_ex.o
 .debug_info    0x000000000000899f      0xd92 Src/event.o
 .debug_info    0x0000000000009731      0x256 Src/example.o
 .debug_info    0x0000000000009987     0x1dde Src/main.o
 .debug_info    0x000000000000b765      0xf37 Src/stm32l0xx_hal_msp.o
 .debug_info    0x000000000000c69c      0xcbe Src/stm32l0xx_it.o
 .debug_info    0x000000000000d35a      0x91c Src/sysmem.o
 .debug_info    0x000000000000dc76      0x390 Src/system_stm32l0xx.o
 .debug_info    0x000000000000e006       0x22 Startup/startup_stm32l053r8tx.o
 .debug_info    0x000000000000e028      0x9fc note-c/n_atof.o
 .debug_info    0x000000000000ea24     0x2865 note-c/n_cjson.o
 .debug_info    0x0000000000011289      0xbb6 note-c/n_cjson_helpers.o
 .debug_info    0x0000000000011e3f      0x9a0 note-c/n_ftoa.o
 .debug_info    0x00000000000127df     0x10ad note-c/n_hooks.o
 .debug_info    0x000000000001388c      0xb78 note-c/n_request.o
 .debug_info    0x0000000000014404      0xa05 note-c/n_serial.o

.debug_abbrev   0x0000000000000000     0x3397
 .debug_abbrev  0x0000000000000000      0x219 Drivers/STM32L0xx_HAL_Driver/Src/stm32l0xx_hal.o
 .debug_abbrev  0x0000000000000219      0x261 Drivers/STM32L0xx_HAL_Driver/Src/stm32l0xx_hal_cortex.o
 .debug_abbrev  0x000000000000047a      0x1cc Drivers/STM32L0xx_HAL_Driver/Src/stm32l0xx_hal_dma.o
 .debug_abbrev  0x0000000000000646      0x1c0 Drivers/STM32L0xx_HAL_Driver/Src/stm32l0xx_hal_gpio.o
 .debug_abbrev  0x0000000000000806      0x239 Drivers/STM32L0xx_HAL_Driver/Src/stm32l0xx_hal_i2c.o
 .debug_abbrev  0x0000000000000a3f      0x1b0 Drivers/STM32L0xx_HAL_Driver/Src/stm32l0xx_hal_i2c_ex.o
 .debug_abbrev  0x0000000000000bef      0x1ed Drivers/STM32L0xx_HAL_Driver/Src/stm32l0xx_hal_lptim.o
 .debug_abbrev  0x0000000000000ddc      0x1a9 Drivers/STM32L0xx_HAL_Driver/Src/stm32l0xx_hal_pwr.o
 .debug_abbrev  0x0000000000000f85      0x21a Drivers/STM32L0xx_HAL_Driver/Src/stm32l0xx_hal_rcc.o
 .debug_abbrev  0x000000000000119f      0x1ea Drivers/STM32L0xx_HAL_Driver/Src/stm32l0xx_hal_rcc_ex.o
 .debug_abbrev  0x0000000000001389      0x214 Drivers/STM32L0xx_HAL_Driver/Src/stm32l0xx_hal_uart.o
 .debug_abbrev  0x000000000000159d      0x1f1 Drivers/STM32L0xx_HAL_Driver/Src/stm32l0xx_hal_uart_ex.o
 .debug_abbrev  0x000000000000178e      0x27d Src/event.o
 .debug_abbrev  0x0000000000001a0b      0x109 Src/example.o
 .debug_abbrev  0x0000000000001b14      0x301 Src/main.o
 .debug_abbrev  0x0000000000001e15      0x195 Src/stm32l0xx_hal_msp.o
 .debug_abbrev  0x0000000000001faa      0x1ad Src/stm32l0xx_it.o
 .debug_abbrev  0x0000000000002157      0x1bb Src/sysmem.o
 .debug_abbrev  0x0000000000002312      0x111 Src/system_stm32l0xx.o
 .debug_abbrev  0x0000000000002423       0x12 Startup/startup_stm32l053r8tx.o
 .debug_abbrev  0x0000000000002435      0x1c0 note-c/n_atof.o
 .debug_abbrev  0x00000000000025f5      0x3c7 note-c/n_cjson.o
 .debug_abbrev  0x00000000000029bc      0x1db note-c/n_cjson_helpers.o
 .debug_abbrev  0x0000000000002b97      0x1aa note-c/n_ftoa.o
 .debug_abbrev  0x0000000000002d41      0x272 note-c/n_hooks.o
 .debug_abbrev  0x0000000000002fb3      0x23e note-c/n_request.o
 .debug_abbrev  0x00000000000031f1      0x1a6 note-c/n_serial.o

.debug_aranges  0x0000000000000000     0x1340
 .debug_aranges
                0x0000000000000000       0xf8 Drivers/STM32L0xx_HAL_Driver/Src/stm32l0xx_hal.o
 .debug_aranges
                0x00000000000000f8       0xd8 Drivers/STM32L0xx_HAL_Driver/Src/stm32l0xx_hal_cortex.o
 .debug_aranges
                0x00000000000001d0       0x80 Drivers/STM32L0xx_HAL_Driver/Src/stm32l0xx_hal_dma.o
 .debug_aranges
                0x0000000000000250       0x58 Drivers/STM32L0xx_HAL_Driver/Src/stm32l0xx_hal_gpio.o
 .debug_aranges
                0x00000000000002a8      0x288 Drivers/STM32L0xx_HAL_Driver/Src/stm32l0xx_hal_i2c.o
 .debug_aranges
                0x0000000000000530       0x48 Drivers/STM32L0xx_HAL_Driver/Src/stm32l0xx_hal_i2c_ex.o
 .debug_aranges
                0x0000000000000578      0x160 Drivers/STM32L0xx_HAL_Driver/Src/stm32l0xx_hal_lptim.o
 .debug_aranges
                0x00000000000006d8       0xa0 Drivers/STM32L0xx_HAL_Driver/Src/stm32l0xx_hal_pwr.o
 .debug_aranges
                0x0000000000000778       0x80 Drivers/STM32L0xx_HAL_Driver/Src/stm32l0xx_hal_rcc.o
 .debug_aranges
                0x00000000000007f8       0xb0 Drivers/STM32L0xx_HAL_Driver/Src/stm32l0xx_hal_rcc_ex.o
 .debug_aranges
                0x00000000000008a8      0x1f8 Drivers/STM32L0xx_HAL_Driver/Src/stm32l0xx_hal_uart.o
 .debug_aranges
                0x0000000000000aa0       0x60 Drivers/STM32L0xx_HAL_Driver/Src/stm32l0xx_hal_uart_ex.o
 .debug_aranges
                0x0000000000000b00       0x78 Src/event.o
 .debug_aranges
                0x0000000000000b78       0x28 Src/example.o
 .debug_aranges
                0x0000000000000ba0       0xe0 Src/main.o
 .debug_aranges
                0x0000000000000c80       0x50 Src/stm32l0xx_hal_msp.o
 .debug_aranges
                0x0000000000000cd0       0x98 Src/stm32l0xx_it.o
 .debug_aranges
                0x0000000000000d68       0x20 Src/sysmem.o
 .debug_aranges
                0x0000000000000d88       0x28 Src/system_stm32l0xx.o
 .debug_aranges
                0x0000000000000db0       0x28 Startup/startup_stm32l053r8tx.o
 .debug_aranges
                0x0000000000000dd8       0x20 note-c/n_atof.o
 .debug_aranges
                0x0000000000000df8      0x350 note-c/n_cjson.o
 .debug_aranges
                0x0000000000001148       0x60 note-c/n_cjson_helpers.o
 .debug_aranges
                0x00000000000011a8       0x20 note-c/n_ftoa.o
 .debug_aranges
                0x00000000000011c8       0xf0 note-c/n_hooks.o
 .debug_aranges
                0x00000000000012b8       0x60 note-c/n_request.o
 .debug_aranges
                0x0000000000001318       0x28 note-c/n_serial.o

.debug_ranges   0x0000000000000000     0x1248
 .debug_ranges  0x0000000000000000       0xe8 Drivers/STM32L0xx_HAL_Driver/Src/stm32l0xx_hal.o
 .debug_ranges  0x00000000000000e8       0xc8 Drivers/STM32L0xx_HAL_Driver/Src/stm32l0xx_hal_cortex.o
 .debug_ranges  0x00000000000001b0       0x70 Drivers/STM32L0xx_HAL_Driver/Src/stm32l0xx_hal_dma.o
 .debug_ranges  0x0000000000000220       0x48 Drivers/STM32L0xx_HAL_Driver/Src/stm32l0xx_hal_gpio.o
 .debug_ranges  0x0000000000000268      0x278 Drivers/STM32L0xx_HAL_Driver/Src/stm32l0xx_hal_i2c.o
 .debug_ranges  0x00000000000004e0       0x38 Drivers/STM32L0xx_HAL_Driver/Src/stm32l0xx_hal_i2c_ex.o
 .debug_ranges  0x0000000000000518      0x150 Drivers/STM32L0xx_HAL_Driver/Src/stm32l0xx_hal_lptim.o
 .debug_ranges  0x0000000000000668       0x90 Drivers/STM32L0xx_HAL_Driver/Src/stm32l0xx_hal_pwr.o
 .debug_ranges  0x00000000000006f8       0x70 Drivers/STM32L0xx_HAL_Driver/Src/stm32l0xx_hal_rcc.o
 .debug_ranges  0x0000000000000768       0xa0 Drivers/STM32L0xx_HAL_Driver/Src/stm32l0xx_hal_rcc_ex.o
 .debug_ranges  0x0000000000000808      0x1e8 Drivers/STM32L0xx_HAL_Driver/Src/stm32l0xx_hal_uart.o
 .debug_ranges  0x00000000000009f0       0x50 Drivers/STM32L0xx_HAL_Driver/Src/stm32l0xx_hal_uart_ex.o
 .debug_ranges  0x0000000000000a40       0x68 Src/event.o
 .debug_ranges  0x0000000000000aa8       0x18 Src/example.o
 .debug_ranges  0x0000000000000ac0       0xd0 Src/main.o
 .debug_ranges  0x0000000000000b90       0x40 Src/stm32l0xx_hal_msp.o
 .debug_ranges  0x0000000000000bd0       0x88 Src/stm32l0xx_it.o
 .debug_ranges  0x0000000000000c58       0x10 Src/sysmem.o
 .debug_ranges  0x0000000000000c68       0x18 Src/system_stm32l0xx.o
 .debug_ranges  0x0000000000000c80       0x20 Startup/startup_stm32l053r8tx.o
 .debug_ranges  0x0000000000000ca0       0x10 note-c/n_atof.o
 .debug_ranges  0x0000000000000cb0      0x3c0 note-c/n_cjson.o
 .debug_ranges  0x0000000000001070       0x50 note-c/n_cjson_helpers.o
 .debug_ranges  0x00000000000010c0       0x10 note-c/n_ftoa.o
 .debug_ranges  0x00000000000010d0       0xe0 note-c/n_hooks.o
 .debug_ranges  0x00000000000011b0       0x68 note-c/n_request.o
 .debug_ranges  0x0000000000001218       0x30 note-c/n_serial.o

.debug_macro    0x0000000000000000    0x15fc5
 .debug_macro   0x0000000000000000      0x1d2 Drivers/STM32L0xx_HAL_Driver/Src/stm32l0xx_hal.o
 .debug_macro   0x00000000000001d2      0xa48 Drivers/STM32L0xx_HAL_Driver/Src/stm32l0xx_hal.o
 .debug_macro   0x0000000000000c1a       0xa1 Drivers/STM32L0xx_HAL_Driver/Src/stm32l0xx_hal.o
 .debug_macro   0x0000000000000cbb       0x2e Drivers/STM32L0xx_HAL_Driver/Src/stm32l0xx_hal.o
 .debug_macro   0x0000000000000ce9       0x28 Drivers/STM32L0xx_HAL_Driver/Src/stm32l0xx_hal.o
 .debug_macro   0x0000000000000d11       0x22 Drivers/STM32L0xx_HAL_Driver/Src/stm32l0xx_hal.o
 .debug_macro   0x0000000000000d33       0x8e Drivers/STM32L0xx_HAL_Driver/Src/stm32l0xx_hal.o
 .debug_macro   0x0000000000000dc1       0x51 Drivers/STM32L0xx_HAL_Driver/Src/stm32l0xx_hal.o
 .debug_macro   0x0000000000000e12       0xef Drivers/STM32L0xx_HAL_Driver/Src/stm32l0xx_hal.o
 .debug_macro   0x0000000000000f01       0x6a Drivers/STM32L0xx_HAL_Driver/Src/stm32l0xx_hal.o
 .debug_macro   0x0000000000000f6b      0x1df Drivers/STM32L0xx_HAL_Driver/Src/stm32l0xx_hal.o
 .debug_macro   0x000000000000114a       0x34 Drivers/STM32L0xx_HAL_Driver/Src/stm32l0xx_hal.o
 .debug_macro   0x000000000000117e       0x26 Drivers/STM32L0xx_HAL_Driver/Src/stm32l0xx_hal.o
 .debug_macro   0x00000000000011a4      0x44f Drivers/STM32L0xx_HAL_Driver/Src/stm32l0xx_hal.o
 .debug_macro   0x00000000000015f3     0x9d0d Drivers/STM32L0xx_HAL_Driver/Src/stm32l0xx_hal.o
 .debug_macro   0x000000000000b300       0x3c Drivers/STM32L0xx_HAL_Driver/Src/stm32l0xx_hal.o
 .debug_macro   0x000000000000b33c     0x352c Drivers/STM32L0xx_HAL_Driver/Src/stm32l0xx_hal.o
 .debug_macro   0x000000000000e868      0x174 Drivers/STM32L0xx_HAL_Driver/Src/stm32l0xx_hal.o
 .debug_macro   0x000000000000e9dc       0x5b Drivers/STM32L0xx_HAL_Driver/Src/stm32l0xx_hal.o