stm32l0xx_ll_pwr.h:384:22:LL_PWR_SetPowerMode	16	static
stm32l0xx_ll_cortex.h:299:22:LL_LPM_EnableSleep	8	static
stm32l0xx_ll_cortex.h:310:22:LL_LPM_EnableDeepSleep	8	static
stm32l0xx_ll_cortex.h:334:22:LL_LPM_DisableSleepOnExit	8	static
stm32l0xx_ll_cortex.h:346:22:LL_LPM_EnableEventOnPend	8	static
stm32l0xx_ll_rcc.h:1403:22:LL_RCC_SetClkAfterWakeFromStop	16	static
event.c:38:6:eventWait	16	static
event.c:66:6:eventPollTimer	8	static
event.c:75:6:event	16	static
event.c:80:10:eventOccurred	8	static
event.c:85:6:eventClear	16	static
event.c:90:6:eventSleep	24	static
