main.c:57:5:main	8	static
main.c:85:6:SystemClock_Config	128	static
main.c:127:6:MX_I2C1_Init	8	static
main.c:158:6:MX_I2C1_DeInit	8	static
main.c:174:6:MX_USART1_UART_Init	8	static
main.c:207:6:MY_UART_IRQHandler	16	static
main.c:232:6:MX_USART1_UART_DeInit	8	static
main.c:246:6:MX_LPTIM1_Init	8	static
main.c:276:6:MX_LPTIM1_DeInit	8	static
main.c:284:6:HAL_LPTIM_CompareMatchCallback	16	static
main.c:297:10:MY_TimerMs	8	static
main.c:303:6:MX_GPIO_Init	64	static
main.c:338:6:HAL_GPIO_EXTI_Callback	16	static
main.c:349:6:Error_Handler	8	static
main.c:359:6:delay	16	static
main.c:364:19:millis	8	static
main.c:370:6:MY_Debug	8	static
main.c:375:6:MY_Sleep_DeInit	8	static
main.c:388:6:noteSerialReset	8	static
main.c:394:6:noteSerialTransmit	24	static
main.c:399:6:noteSerialAvailable	8	static
main.c:404:6:noteSerialReceive	16	static
main.c:417:6:noteI2CReset	8	static
main.c:425:13:noteI2CTransmit	56	static
main.c:444:13:noteI2CReceive	80	static
