main.c:58:5:main	8	static
main.c:86:6:SystemClock_Config	128	static
main.c:128:6:MX_I2C1_Init	8	static
main.c:159:6:MX_I2C1_DeInit	8	static
main.c:175:6:MX_USART1_UART_Init	8	static
main.c:208:6:MY_UART_IRQHandler	16	static
main.c:233:6:MX_USART1_UART_DeInit	8	static
main.c:247:6:MX_LPTIM1_Init	8	static
main.c:277:6:MX_LPTIM1_DeInit	8	static
main.c:285:6:HAL_LPTIM_CompareMatchCallback	16	static
main.c:298:10:MY_TimerMs	8	static
main.c:304:6:MX_GPIO_Init	64	static
main.c:340:6:HAL_GPIO_EXTI_Callback	16	static
main.c:351:6:Error_Handler	8	static
main.c:361:6:delay	16	static
main.c:366:19:millis	8	static
main.c:372:6:MY_Debug	8	static
main.c:377:6:MY_Sleep_DeInit	8	static
main.c:390:6:noteSerialReset	8	static
main.c:396:6:noteSerialTransmit	24	static
main.c:401:6:noteSerialAvailable	8	static
main.c:406:6:noteSerialReceive	16	static
main.c:419:6:noteI2CReset	8	static
main.c:427:13:noteI2CTransmit	56	static
main.c:446:13:noteI2CReceive	80	static
