stm32l0xx_it.c:17:6:NMI_Handler	8	static
stm32l0xx_it.c:21:6:HardFault_Handler	8	static
stm32l0xx_it.c:26:6:MemManage_Handler	8	static
stm32l0xx_it.c:31:6:BusFault_Handler	8	static
stm32l0xx_it.c:36:6:UsageFault_Handler	8	static
stm32l0xx_it.c:41:6:SVC_Handler	8	static
stm32l0xx_it.c:45:6:DebugMon_Handler	8	static
stm32l0xx_it.c:49:6:PendSV_Handler	8	static
stm32l0xx_it.c:53:6:SysTick_Handler	8	static
stm32l0xx_it.c:58:6:I2C1_IRQHandler	8	static
stm32l0xx_it.c:68:6:USART1_IRQHandler	8	static
stm32l0xx_it.c:75:6:MY_GPIO_EXTI_IRQHandler	24	static
stm32l0xx_it.c:84:6:EXTI0_1_IRQHandler	8	static
stm32l0xx_it.c:87:6:EXTI2_3_IRQHandler	8	static
stm32l0xx_it.c:90:6:EXTI4_15_IRQHandler	8	static
stm32l0xx_it.c:96:6:LPTIM1_IRQHandler	8	static
